Component: ARM Compiler 5.06 update 7 (build 960) Tool: armlink [4d3601]

==============================================================================

Section Cross References

    startup_stm32f103xb.o(STACK) refers (Special) to heapauxi.o(.text) for __use_two_region_memory
    startup_stm32f103xb.o(HEAP) refers (Special) to heapauxi.o(.text) for __use_two_region_memory
    startup_stm32f103xb.o(RESET) refers (Special) to heapauxi.o(.text) for __use_two_region_memory
    startup_stm32f103xb.o(RESET) refers to startup_stm32f103xb.o(STACK) for __initial_sp
    startup_stm32f103xb.o(RESET) refers to startup_stm32f103xb.o(.text) for Reset_Handler
    startup_stm32f103xb.o(RESET) refers to stm32f1xx_it.o(i.NMI_Handler) for NMI_Handler
    startup_stm32f103xb.o(RESET) refers to stm32f1xx_it.o(i.HardFault_Handler) for HardFault_Handler
    startup_stm32f103xb.o(RESET) refers to stm32f1xx_it.o(i.MemManage_Handler) for MemManage_Handler
    startup_stm32f103xb.o(RESET) refers to stm32f1xx_it.o(i.BusFault_Handler) for BusFault_Handler
    startup_stm32f103xb.o(RESET) refers to stm32f1xx_it.o(i.UsageFault_Handler) for UsageFault_Handler
    startup_stm32f103xb.o(RESET) refers to stm32f1xx_it.o(i.SVC_Handler) for SVC_Handler
    startup_stm32f103xb.o(RESET) refers to stm32f1xx_it.o(i.DebugMon_Handler) for DebugMon_Handler
    startup_stm32f103xb.o(RESET) refers to stm32f1xx_it.o(i.PendSV_Handler) for PendSV_Handler
    startup_stm32f103xb.o(RESET) refers to stm32f1xx_it.o(i.SysTick_Handler) for SysTick_Handler
    startup_stm32f103xb.o(RESET) refers to stm32f1xx_it.o(i.USART2_IRQHandler) for USART2_IRQHandler
    startup_stm32f103xb.o(.text) refers (Special) to heapauxi.o(.text) for __use_two_region_memory
    startup_stm32f103xb.o(.text) refers to system_stm32f1xx.o(i.SystemInit) for SystemInit
    startup_stm32f103xb.o(.text) refers to __main.o(!!!main) for __main
    startup_stm32f103xb.o(.text) refers to startup_stm32f103xb.o(HEAP) for Heap_Mem
    startup_stm32f103xb.o(.text) refers to startup_stm32f103xb.o(STACK) for Stack_Mem
    main.o(i.SystemClock_Config) refers to rt_memclr_w.o(.text) for __aeabi_memclr4
    main.o(i.SystemClock_Config) refers to stm32f1xx_hal_rcc.o(i.HAL_RCC_OscConfig) for HAL_RCC_OscConfig
    main.o(i.SystemClock_Config) refers to stm32f1xx_hal_rcc.o(i.HAL_RCC_ClockConfig) for HAL_RCC_ClockConfig
    main.o(i.initView) refers to oled.o(i.OLED_ShowChinese) for OLED_ShowChinese
    main.o(i.initView) refers to oled.o(i.OLED_Refresh) for OLED_Refresh
    main.o(i.main) refers to _printf_percent.o(.ARM.Collect$$_printf_percent$$00000000) for _printf_percent
    main.o(i.main) refers to _printf_f.o(.ARM.Collect$$_printf_percent$$00000003) for _printf_f
    main.o(i.main) refers to printf1.o(x$fpl$printf1) for _printf_fp_dec
    main.o(i.main) refers to stm32f1xx_hal.o(i.HAL_Init) for HAL_Init
    main.o(i.main) refers to main.o(i.SystemClock_Config) for SystemClock_Config
    main.o(i.main) refers to gpio.o(i.MX_GPIO_Init) for MX_GPIO_Init
    main.o(i.main) refers to spi.o(i.MX_SPI1_Init) for MX_SPI1_Init
    main.o(i.main) refers to usart.o(i.MX_USART2_UART_Init) for MX_USART2_UART_Init
    main.o(i.main) refers to i2c.o(i.MX_I2C2_Init) for MX_I2C2_Init
    main.o(i.main) refers to i2c.o(i.MX_I2C1_Init) for MX_I2C1_Init
    main.o(i.main) refers to hal_temhum.o(i.SHTXX_Init) for SHTXX_Init
    main.o(i.main) refers to oled.o(i.OLED_Init) for OLED_Init
    main.o(i.main) refers to main.o(i.initView) for initView
    main.o(i.main) refers to hal_temhum.o(i.call_sht11) for call_sht11
    main.o(i.main) refers to f2d.o(x$fpl$f2d) for __aeabi_f2d
    main.o(i.main) refers to noretval__2sprintf.o(.text) for __2sprintf
    main.o(i.main) refers to oled.o(i.OLED_ShowString) for OLED_ShowString
    main.o(i.main) refers to oled.o(i.OLED_Refresh) for OLED_Refresh
    main.o(i.main) refers to stm32f1xx_hal_gpio.o(i.HAL_GPIO_TogglePin) for HAL_GPIO_TogglePin
    main.o(i.main) refers to stm32f1xx_hal.o(i.HAL_Delay) for HAL_Delay
    gpio.o(i.MX_GPIO_Init) refers to stm32f1xx_hal_gpio.o(i.HAL_GPIO_WritePin) for HAL_GPIO_WritePin
    gpio.o(i.MX_GPIO_Init) refers to stm32f1xx_hal_gpio.o(i.HAL_GPIO_Init) for HAL_GPIO_Init
    i2c.o(i.HAL_I2C_MspDeInit) refers to stm32f1xx_hal_gpio.o(i.HAL_GPIO_DeInit) for HAL_GPIO_DeInit
    i2c.o(i.HAL_I2C_MspInit) refers to stm32f1xx_hal_gpio.o(i.HAL_GPIO_Init) for HAL_GPIO_Init
    i2c.o(i.MX_I2C1_Init) refers to stm32f1xx_hal_i2c.o(i.HAL_I2C_Init) for HAL_I2C_Init
    i2c.o(i.MX_I2C1_Init) refers to main.o(i.Error_Handler) for Error_Handler
    i2c.o(i.MX_I2C1_Init) refers to i2c.o(.bss) for .bss
    i2c.o(i.MX_I2C2_Init) refers to stm32f1xx_hal_i2c.o(i.HAL_I2C_Init) for HAL_I2C_Init
    i2c.o(i.MX_I2C2_Init) refers to main.o(i.Error_Handler) for Error_Handler
    i2c.o(i.MX_I2C2_Init) refers to i2c.o(.bss) for .bss
    spi.o(i.HAL_SPI_MspDeInit) refers to stm32f1xx_hal_gpio.o(i.HAL_GPIO_DeInit) for HAL_GPIO_DeInit
[...]
    ..\Drivers\STM32F1xx_HAL_Driver\Src\stm32f1xx_hal_tim_ex.c 0x00000000   Number         0  stm32f1xx_hal_tim_ex.o ABSOLUTE
    ..\Drivers\STM32F1xx_HAL_Driver\Src\stm32f1xx_hal_uart.c 0x00000000   Number         0  stm32f1xx_hal_uart.o ABSOLUTE
    ..\OLED\oled.c                           0x00000000   Number         0  oled.o ABSOLUTE
    ..\\OLED\\oled.c                         0x00000000   Number         0  oled.o ABSOLUTE
    ..\\hal_TempRh\\hal_temHum.c             0x00000000   Number         0  hal_temhum.o ABSOLUTE
    ..\hal_TempRh\hal_temHum.c               0x00000000   Number         0  hal_temhum.o ABSOLUTE
    dc.s                                     0x00000000   Number         0  dc.o ABSOLUTE
    startup_stm32f103xb.s                    0x00000000   Number         0  startup_stm32f103xb.o ABSOLUTE
    RESET                                    0x08000000   Section      236  startup_stm32f103xb.o(RESET)
    !!!main                                  0x080000ec   Section        8  __main.o(!!!main)
    !!!scatter                               0x080000f4   Section       52  __scatter.o(!!!scatter)
    !!dczerorl2                              0x08000128   Section       90  __dczerorl2.o(!!dczerorl2)
    !!handler_zi                             0x08000184   Section       28  __scatter_zi.o(!!handler_zi)
    .ARM.Collect$$_printf_percent$$00000000  0x080001a0   Section        0  _printf_percent.o(.ARM.Collect$$_printf_percent$$00000000)
    .ARM.Collect$$_printf_percent$$00000003  0x080001a0   Section        6  _printf_f.o(.ARM.Collect$$_printf_percent$$00000003)
    .ARM.Collect$$_printf_percent$$00000017  0x080001a6   Section        4  _printf_percent_end.o(.ARM.Collect$$_printf_percent$$00000017)
    .ARM.Collect$$libinit$$00000000          0x080001aa   Section        2  libinit.o(.ARM.Collect$$libinit$$00000000)
    .ARM.Collect$$libinit$$00000002          0x080001ac   Section        0  libinit2.o(.ARM.Collect$$libinit$$00000002)
    .ARM.Collect$$libinit$$00000004          0x080001ac   Section        0  libinit2.o(.ARM.Collect$$libinit$$00000004)
    .ARM.Collect$$libinit$$0000000A          0x080001ac   Section        0  libinit2.o(.ARM.Collect$$libinit$$0000000A)
    .ARM.Collect$$libinit$$0000000C          0x080001ac   Section        0  libinit2.o(.ARM.Collect$$libinit$$0000000C)
    .ARM.Collect$$libinit$$0000000E          0x080001ac   Section        0  libinit2.o(.ARM.Collect$$libinit$$0000000E)
    .ARM.Collect$$libinit$$0000000F          0x080001ac   Section        6  libinit2.o(.ARM.Collect$$libinit$$0000000F)
    .ARM.Collect$$libinit$$00000011          0x080001b2   Section        0  libinit2.o(.ARM.Collect$$libinit$$00000011)
    .ARM.Collect$$libinit$$00000013          0x080001b2   Section        0  libinit2.o(.ARM.Collect$$libinit$$00000013)
    .ARM.Collect$$libinit$$00000015          0x080001b2   Section        0  libinit2.o(.ARM.Collect$$libinit$$00000015)
    .ARM.Collect$$libinit$$00000016          0x080001b2   Section       10  libinit2.o(.ARM.Collect$$libinit$$00000016)
    .ARM.Collect$$libinit$$00000017          0x080001bc   Section        0  libinit2.o(.ARM.Collect$$libinit$$00000017)
    .ARM.Collect$$libinit$$00000019          0x080001bc   Section        0  libinit2.o(.ARM.Collect$$libinit$$00000019)
    .ARM.Collect$$libinit$$0000001B          0x080001bc   Section        0  libinit2.o(.ARM.Collect$$libinit$$0000001B)
    .ARM.Collect$$libinit$$0000001D          0x080001bc   Section        0  libinit2.o(.ARM.Collect$$libinit$$0000001D)
    .ARM.Collect$$libinit$$0000001F          0x080001bc   Section        0  libinit2.o(.ARM.Collect$$libinit$$0000001F)
    .ARM.Collect$$libinit$$00000021          0x080001bc   Section        0  libinit2.o(.ARM.Collect$$libinit$$00000021)
    .ARM.Collect$$libinit$$00000023          0x080001bc   Section        0  libinit2.o(.ARM.Collect$$libinit$$00000023)
    .ARM.Collect$$libinit$$00000025          0x080001bc   Section        0  libinit2.o(.ARM.Collect$$libinit$$00000025)
    .ARM.Collect$$libinit$$0000002C          0x080001bc   Section        0  libinit2.o(.ARM.Collect$$libinit$$0000002C)
    .ARM.Collect$$libinit$$0000002E          0x080001bc   Section        0  libinit2.o(.ARM.Collect$$libinit$$0000002E)
    .ARM.Collect$$libinit$$00000030          0x080001bc   Section        0  libinit2.o(.ARM.Collect$$libinit$$00000030)
    .ARM.Collect$$libinit$$00000032          0x080001bc   Section        0  libinit2.o(.ARM.Collect$$libinit$$00000032)
    .ARM.Collect$$libinit$$00000033          0x080001bc   Section        2  libinit2.o(.ARM.Collect$$libinit$$00000033)
    .ARM.Collect$$libshutdown$$00000000      0x080001be   Section        2  libshutdown.o(.ARM.Collect$$libshutdown$$00000000)
    .ARM.Collect$$libshutdown$$00000002      0x080001c0   Section        0  libshutdown2.o(.ARM.Collect$$libshutdown$$00000002)
    .ARM.Collect$$libshutdown$$00000004      0x080001c0   Section        0  libshutdown2.o(.ARM.Collect$$libshutdown$$00000004)
    .ARM.Collect$$libshutdown$$00000006      0x080001c0   Section        0  libshutdown2.o(.ARM.Collect$$libshutdown$$00000006)
    .ARM.Collect$$libshutdown$$00000009      0x080001c0   Section        0  libshutdown2.o(.ARM.Collect$$libshutdown$$00000009)
    .ARM.Collect$$libshutdown$$0000000C      0x080001c0   Section        0  libshutdown2.o(.ARM.Collect$$libshutdown$$0000000C)
    .ARM.Collect$$libshutdown$$0000000E      0x080001c0   Section        0  libshutdown2.o(.ARM.Collect$$libshutdown$$0000000E)
    .ARM.Collect$$libshutdown$$00000011      0x080001c0   Section        0  libshutdown2.o(.ARM.Collect$$libshutdown$$00000011)
    .ARM.Collect$$libshutdown$$00000012      0x080001c0   Section        2  libshutdown2.o(.ARM.Collect$$libshutdown$$00000012)
    .ARM.Collect$$rtentry$$00000000          0x080001c2   Section        0  __rtentry.o(.ARM.Collect$$rtentry$$00000000)
    .ARM.Collect$$rtentry$$00000002          0x080001c2   Section        0  __rtentry2.o(.ARM.Collect$$rtentry$$00000002)
    .ARM.Collect$$rtentry$$00000004          0x080001c2   Section        6  __rtentry4.o(.ARM.Collect$$rtentry$$00000004)
    .ARM.Collect$$rtentry$$00000009          0x080001c8   Section        0  __rtentry2.o(.ARM.Collect$$rtentry$$00000009)
    .ARM.Collect$$rtentry$$0000000A          0x080001c8   Section        4  __rtentry2.o(.ARM.Collect$$rtentry$$0000000A)
    .ARM.Collect$$rtentry$$0000000C          0x080001cc   Section        0  __rtentry2.o(.ARM.Collect$$rtentry$$0000000C)
    .ARM.Collect$$rtentry$$0000000D          0x080001cc   Section        8  __rtentry2.o(.ARM.Collect$$rtentry$$0000000D)
    .ARM.Collect$$rtexit$$00000000           0x080001d4   Section        2  rtexit.o(.ARM.Collect$$rtexit$$00000000)
    .ARM.Collect$$rtexit$$00000002           0x080001d6   Section        0  rtexit2.o(.ARM.Collect$$rtexit$$00000002)
    .ARM.Collect$$rtexit$$00000003           0x080001d6   Section        4  rtexit2.o(.ARM.Collect$$rtexit$$00000003)
    .ARM.Collect$$rtexit$$00000004           0x080001da   Section        6  rtexit2.o(.ARM.Collect$$rtexit$$00000004)
    .text                                    0x080001e0   Section       64  startup_stm32f103xb.o(.text)
    .text                                    0x08000220   Section        0  noretval__2sprintf.o(.text)
    .text                                    0x08000248   Section        0  __printf_wp.o(.text)
    .text                                    0x08000356   Section       78  rt_memclr_w.o(.text)
    .text                                    0x080003a4   Section        0  heapauxi.o(.text)
    .text                                    0x080003aa   Section        0  _printf_fp_dec.o(.text)
    _fp_digits                               0x080003ad   Thumb Code   432  _printf_fp_dec.o(.text)
    .text                                    0x080007c8   Section        0  _printf_char_common.o(.text)
    _printf_input_char                       0x080007c9   Thumb Code    10  _printf_char_common.o(.text)
    .text                                    0x080007f8   Section        0  _sputc.o(.text)
    .text                                    0x08000804   Section        8  rt_locale_intlibspace.o(.text)
    .text                                    0x0800080c   Section      138  lludiv10.o(.text)
    .text                                    0x08000898   Section        0  _printf_fp_infnan.o(.text)
    .text                                    0x08000918   Section        0  bigflt0.o(.text)
    .text                                    0x080009fc   Section        8  libspace.o(.text)
    .text                                    0x08000a04   Section       74  sys_stackheap_outer.o(.text)
    .text                                    0x08000a4e   Section        0  exit.o(.text)
    .text                                    0x08000a60   Section      128  strcmpv7m.o(.text)
    .text                                    0x08000ae0   Section        0  sys_exit.o(.text)
    .text                                    0x08000aec   Section        2  use_no_semi.o(.text)
    .text                                    0x08000aee   Section        0  indicate_semi.o(.text)
    CL$$btod_d2e                             0x08000aee   Section       62  btod.o(CL$$btod_d2e)
    CL$$btod_d2e_denorm_low                  0x08000b2c   Section       70  btod.o(CL$$btod_d2e_denorm_low)
    CL$$btod_d2e_norm_op1                    0x08000b72   Section       96  btod.o(CL$$btod_d2e_norm_op1)
    CL$$btod_div_common                      0x08000bd2   Section      824  btod.o(CL$$btod_div_common)
    CL$$btod_e2e                             0x08000f0a   Section      220  btod.o(CL$$btod_e2e)
    CL$$btod_ediv                            0x08000fe6   Section       42  btod.o(CL$$btod_ediv)
    CL$$btod_emul                            0x08001010   Section       42  btod.o(CL$$btod_emul)
    CL$$btod_mult_common                     0x0800103a   Section      580  btod.o(CL$$btod_mult_common)
    i.BusFault_Handler                       0x0800127e   Section        0  stm32f1xx_it.o(i.BusFault_Handler)
    i.DebugMon_Handler                       0x08001280   Section        0  stm32f1xx_it.o(i.DebugMon_Handler)
    i.DelayMicroSeconds                      0x08001282   Section        0  hal_temhum.o(i.DelayMicroSeconds)
    i.Error_Handler                          0x08001296   Section        0  main.o(i.Error_Handler)
    i.HAL_DMA_Abort                          0x0800129a   Section        0  stm32f1xx_hal_dma.o(i.HAL_DMA_Abort)
    i.HAL_DMA_Abort_IT                       0x080012e0   Section        0  stm32f1xx_hal_dma.o(i.HAL_DMA_Abort_IT)
    i.HAL_Delay                              0x08001378   Section        0  stm32f1xx_hal.o(i.HAL_Delay)
    i.HAL_GPIO_Init                          0x0800139c   Section        0  stm32f1xx_hal_gpio.o(i.HAL_GPIO_Init)
    i.HAL_GPIO_ReadPin                       0x0800157c   Section        0  stm32f1xx_hal_gpio.o(i.HAL_GPIO_ReadPin)
    i.HAL_GPIO_TogglePin                     0x08001586   Section        0  stm32f1xx_hal_gpio.o(i.HAL_GPIO_TogglePin)
    i.HAL_GPIO_WritePin                      0x08001596   Section        0  stm32f1xx_hal_gpio.o(i.HAL_GPIO_WritePin)
    i.HAL_GetTick                            0x080015a0   Section        0  stm32f1xx_hal.o(i.HAL_GetTick)
    i.HAL_I2C_Init                           0x080015ac   Section        0  stm32f1xx_hal_i2c.o(i.HAL_I2C_Init)
    i.HAL_I2C_MspInit                        0x08001734   Section        0  i2c.o(i.HAL_I2C_MspInit)
    i.HAL_IncTick                            0x080017cc   Section        0  stm32f1xx_hal.o(i.HAL_IncTick)
    i.HAL_Init                               0x080017dc   Section        0  stm32f1xx_hal.o(i.HAL_Init)
    i.HAL_InitTick                           0x08001800   Section        0  stm32f1xx_hal.o(i.HAL_InitTick)
    i.HAL_MspInit                            0x08001840   Section        0  stm32f1xx_hal_msp.o(i.HAL_MspInit)
    i.HAL_NVIC_EnableIRQ                     0x0800187c   Section        0  stm32f1xx_hal_cortex.o(i.HAL_NVIC_EnableIRQ)
    i.HAL_NVIC_SetPriority                   0x08001898   Section        0  stm32f1xx_hal_cortex.o(i.HAL_NVIC_SetPriority)
    i.HAL_NVIC_SetPriorityGrouping           0x080018d8   Section        0  stm32f1xx_hal_cortex.o(i.HAL_NVIC_SetPriorityGrouping)
    i.HAL_RCC_ClockConfig                    0x080018fc   Section        0  stm32f1xx_hal_rcc.o(i.HAL_RCC_ClockConfig)
    i.HAL_RCC_GetPCLK1Freq                   0x08001a28   Section        0  stm32f1xx_hal_rcc.o(i.HAL_RCC_GetPCLK1Freq)
    i.HAL_RCC_GetPCLK2Freq                   0x08001a48   Section        0  stm32f1xx_hal_rcc.o(i.HAL_RCC_GetPCLK2Freq)
    i.HAL_RCC_GetSysClockFreq                0x08001a68   Section        0  stm32f1xx_hal_rcc.o(i.HAL_RCC_GetSysClockFreq)
    i.HAL_RCC_OscConfig                      0x08001ad4   Section        0  stm32f1xx_hal_rcc.o(i.HAL_RCC_OscConfig)
    i.HAL_SPI_Init                           0x08001df4   Section        0  stm32f1xx_hal_spi.o(i.HAL_SPI_Init)
    i.HAL_SPI_MspInit                        0x08001ea8   Section        0  spi.o(i.HAL_SPI_MspInit)
    i.HAL_SPI_Transmit                       0x08001f04   Section        0  stm32f1xx_hal_spi.o(i.HAL_SPI_Transmit)
    i.HAL_SYSTICK_Config                     0x0800206a   Section        0  stm32f1xx_hal_cortex.o(i.HAL_SYSTICK_Config)
    i.HAL_UARTEx_RxEventCallback             0x08002092   Section        0  stm32f1xx_hal_uart.o(i.HAL_UARTEx_RxEventCallback)
    i.HAL_UART_ErrorCallback                 0x08002094   Section        0  stm32f1xx_hal_uart.o(i.HAL_UART_ErrorCallback)
    i.HAL_UART_IRQHandler                    0x08002098   Section        0  stm32f1xx_hal_uart.o(i.HAL_UART_IRQHandler)
    i.HAL_UART_Init                          0x080022a4   Section        0  stm32f1xx_hal_uart.o(i.HAL_UART_Init)
    i.HAL_UART_MspInit                       0x08002308   Section        0  usart.o(i.HAL_UART_MspInit)
    i.HAL_UART_RxCpltCallback                0x08002388   Section        0  stm32f1xx_hal_uart.o(i.HAL_UART_RxCpltCallback)
    i.HAL_UART_TxCpltCallback                0x0800238a   Section        0  stm32f1xx_hal_uart.o(i.HAL_UART_TxCpltCallback)
    i.HardFault_Handler                      0x0800238c   Section        0  stm32f1xx_it.o(i.HardFault_Handler)
    i.I2c_Init                               0x08002390   Section        0  hal_temhum.o(i.I2c_Init)
    i.I2c_ReadByte                           0x080023e0   Section        0  hal_temhum.o(i.I2c_ReadByte)
    i.I2c_SclInOutInit                       0x080024c8   Section        0  hal_temhum.o(i.I2c_SclInOutInit)
    i.I2c_StartCondition                     0x080024f4   Section        0  hal_temhum.o(i.I2c_StartCondition)
    i.I2c_StopCondition                      0x08002540   Section        0  hal_temhum.o(i.I2c_StopCondition)
    i.I2c_WriteByte                          0x0800258c   Section        0  hal_temhum.o(i.I2c_WriteByte)
    i.I2c_sdaInOutInit                       0x08002620   Section        0  hal_temhum.o(i.I2c_sdaInOutInit)
    i.MX_GPIO_Init                           0x0800264c   Section        0  gpio.o(i.MX_GPIO_Init)
    i.MX_I2C1_Init                           0x08002718   Section        0  i2c.o(i.MX_I2C1_Init)
    i.MX_I2C2_Init                           0x08002758   Section        0  i2c.o(i.MX_I2C2_Init)
    i.MX_SPI1_Init                           0x08002798   Section        0  spi.o(i.MX_SPI1_Init)
    i.MX_USART2_UART_Init                    0x080027e0   Section        0  usart.o(i.MX_USART2_UART_Init)
    i.MemManage_Handler                      0x08002818   Section        0  stm32f1xx_it.o(i.MemManage_Handler)
    i.NMI_Handler                            0x0800281a   Section        0  stm32f1xx_it.o(i.NMI_Handler)
    i.OLED_Clear                             0x0800281c   Section        0  oled.o(i.OLED_Clear)
    i.OLED_ClearPoint                        0x08002848   Section        0  oled.o(i.OLED_ClearPoint)
    i.OLED_DrawPoint                         0x08002868   Section        0  oled.o(i.OLED_DrawPoint)
    i.OLED_Init                              0x08002884   Section        0  oled.o(i.OLED_Init)
    i.OLED_Refresh                           0x08002990   Section        0  oled.o(i.OLED_Refresh)
    i.OLED_ShowChar                          0x080029dc   Section        0  oled.o(i.OLED_ShowChar)
    i.OLED_ShowChinese                       0x08002a84   Section        0  oled.o(i.OLED_ShowChinese)
    i.OLED_ShowString                        0x08002b5c   Section        0  oled.o(i.OLED_ShowString)
    i.OLED_WR_Byte                           0x08002b9c   Section        0  oled.o(i.OLED_WR_Byte)
    i.PendSV_Handler                         0x08002be8   Section        0  stm32f1xx_it.o(i.PendSV_Handler)
    i.SHT1X_Init                             0x08002bea   Section        0  hal_temhum.o(i.SHT1X_Init)
    i.SHT3X_CalcCrc                          0x08002c04   Section        0  hal_temhum.o(i.SHT3X_CalcCrc)
    SHT3X_CalcCrc                            0x08002c05   Thumb Code    52  hal_temhum.o(i.SHT3X_CalcCrc)
    i.SHT3X_CalcHumidity                     0x08002c38   Section        0  hal_temhum.o(i.SHT3X_CalcHumidity)
    SHT3X_CalcHumidity                       0x08002c39   Thumb Code    22  hal_temhum.o(i.SHT3X_CalcHumidity)
    i.SHT3X_CalcTemperature                  0x08002c58   Section        0  hal_temhum.o(i.SHT3X_CalcTemperature)
    SHT3X_CalcTemperature                    0x08002c59   Thumb Code    28  hal_temhum.o(i.SHT3X_CalcTemperature)
    i.SHT3X_GetTempAndHumi                   0x08002c80   Section        0  hal_temhum.o(i.SHT3X_GetTempAndHumi)
    i.SHT3X_GetTempAndHumiClkStretch         0x08002ca0   Section        0  hal_temhum.o(i.SHT3X_GetTempAndHumiClkStretch)
    i.SHT3X_GetTempAndHumiPolling            0x08002d20   Section        0  hal_temhum.o(i.SHT3X_GetTempAndHumiPolling)
    i.SHT3X_HardReset                        0x08002dc0   Section        0  hal_temhum.o(i.SHT3X_HardReset)
    i.SHT3X_Init                             0x08002dd8   Section        0  hal_temhum.o(i.SHT3X_Init)
    i.SHT3X_Read2BytesAndCrc                 0x08002dfc   Section        0  hal_temhum.o(i.SHT3X_Read2BytesAndCrc)
    SHT3X_Read2BytesAndCrc                   0x08002dfd   Thumb Code    74  hal_temhum.o(i.SHT3X_Read2BytesAndCrc)
    i.SHT3X_SoftReset                        0x08002e46   Section        0  hal_temhum.o(i.SHT3X_SoftReset)
    i.SHT3X_StartReadAccess                  0x08002e6c   Section        0  hal_temhum.o(i.SHT3X_StartReadAccess)
    SHT3X_StartReadAccess                    0x08002e6d   Thumb Code    26  hal_temhum.o(i.SHT3X_StartReadAccess)
    i.SHT3X_StartWriteAccess                 0x08002e8c   Section        0  hal_temhum.o(i.SHT3X_StartWriteAccess)
    SHT3X_StartWriteAccess                   0x08002e8d   Thumb Code    22  hal_temhum.o(i.SHT3X_StartWriteAccess)
    i.SHT3X_WriteCommand                     0x08002ea8   Section        0  hal_temhum.o(i.SHT3X_WriteCommand)
    SHT3X_WriteCommand                       0x08002ea9   Thumb Code    22  hal_temhum.o(i.SHT3X_WriteCommand)
    i.SHT3x_ReadSerialNumber                 0x08002ebe   Section        0  hal_temhum.o(i.SHT3x_ReadSerialNumber)
    i.SHTXX_Init                             0x08002f0c   Section        0  hal_temhum.o(i.SHTXX_Init)
    i.SPI_EndRxTxTransaction                 0x08002f28   Section        0  stm32f1xx_hal_spi.o(i.SPI_EndRxTxTransaction)
    SPI_EndRxTxTransaction                   0x08002f29   Thumb Code    32  stm32f1xx_hal_spi.o(i.SPI_EndRxTxTransaction)
    i.SPI_WaitFlagStateUntilTimeout          0x08002f48   Section        0  stm32f1xx_hal_spi.o(i.SPI_WaitFlagStateUntilTimeout)
    SPI_WaitFlagStateUntilTimeout            0x08002f49   Thumb Code   180  stm32f1xx_hal_spi.o(i.SPI_WaitFlagStateUntilTimeout)
    i.SVC_Handler                            0x08003000   Section        0  stm32f1xx_it.o(i.SVC_Handler)
    i.Serial_DataInOutInit                   0x08003004   Section        0  hal_temhum.o(i.Serial_DataInOutInit)
    i.Serial_DelayUS                         0x08003034   Section        0  hal_temhum.o(i.Serial_DelayUS)
    Serial_DelayUS                           0x08003035   Thumb Code    28  hal_temhum.o(i.Serial_DelayUS)
    i.Serial_Init                            0x08003050   Section        0  hal_temhum.o(i.Serial_Init)
    i.SysTick_Handler                        0x080030a4   Section        0  stm32f1xx_it.o(i.SysTick_Handler)
    i.SystemClock_Config                     0x080030a8   Section        0  main.o(i.SystemClock_Config)
    i.SystemInit                             0x08003106   Section        0  system_stm32f1xx.o(i.SystemInit)
    i.UART_DMAAbortOnError                   0x08003108   Section        0  stm32f1xx_hal_uart.o(i.UART_DMAAbortOnError)
    UART_DMAAbortOnError                     0x08003109   Thumb Code    16  stm32f1xx_hal_uart.o(i.UART_DMAAbortOnError)
    i.UART_EndRxTransfer                     0x08003118   Section        0  stm32f1xx_hal_uart.o(i.UART_EndRxTransfer)
    UART_EndRxTransfer                       0x08003119   Thumb Code    48  stm32f1xx_hal_uart.o(i.UART_EndRxTransfer)
    i.UART_Receive_IT                        0x08003148   Section        0  stm32f1xx_hal_uart.o(i.UART_Receive_IT)
    UART_Receive_IT                          0x08003149   Thumb Code   182  stm32f1xx_hal_uart.o(i.UART_Receive_IT)
    i.UART_SetConfig                         0x08003200   Section        0  stm32f1xx_hal_uart.o(i.UART_SetConfig)
    UART_SetConfig                           0x08003201   Thumb Code   178  stm32f1xx_hal_uart.o(i.UART_SetConfig)
    i.USART2_IRQHandler                      0x080032b8   Section        0  stm32f1xx_it.o(i.USART2_IRQHandler)
    i.UsageFault_Handler                     0x080032c4   Section        0  stm32f1xx_it.o(i.UsageFault_Handler)
    i.__ARM_fpclassify                       0x080032c6   Section        0  fpclassify.o(i.__ARM_fpclassify)
    i.__NVIC_SetPriority                     0x080032ee   Section        0  stm32f1xx_hal_cortex.o(i.__NVIC_SetPriority)
    __NVIC_SetPriority                       0x080032ef   Thumb Code    32  stm32f1xx_hal_cortex.o(i.__NVIC_SetPriority)
    i._is_digit                              0x0800330e   Section        0  __printf_wp.o(i._is_digit)
    i.calc_sth11                             0x0800331c   Section        0  hal_temhum.o(i.calc_sth11)
    i.call_sht11                             0x080033e8   Section        0  hal_temhum.o(i.call_sht11)
    i.call_sht1x                             0x08003428   Section        0  hal_temhum.o(i.call_sht1x)
    i.initView                               0x0800347c   Section        0  main.o(i.initView)
    i.main                                   0x080034c4   Section        0  main.o(i.main)
    i.s_connectionreset                      0x08003568   Section        0  hal_temhum.o(i.s_connectionreset)
    i.s_measure                              0x080035b8   Section        0  hal_temhum.o(i.s_measure)
    i.s_read_byte                            0x08003640   Section        0  hal_temhum.o(i.s_read_byte)
    i.s_softreset                            0x080036ec   Section        0  hal_temhum.o(i.s_softreset)
    i.s_transstart                           0x080036fc   Section        0  hal_temhum.o(i.s_transstart)
    i.s_write_byte                           0x08003780   Section        0  hal_temhum.o(i.s_write_byte)
    locale$$code                             0x08003828   Section       44  lc_numeric_c.o(locale$$code)
    x$fpl$d2f                                0x08003854   Section       98  d2f.o(x$fpl$d2f)
    x$fpl$dadd                               0x080038b8   Section      336  daddsub_clz.o(x$fpl$dadd)
    _dadd1                                   0x080038c9   Thumb Code     0  daddsub_clz.o(x$fpl$dadd)
    x$fpl$dmul                               0x08003a08   Section      340  dmul.o(x$fpl$dmul)
    x$fpl$dnaninf                            0x08003b5c   Section      156  dnaninf.o(x$fpl$dnaninf)
    x$fpl$dretinf                            0x08003bf8   Section       12  dretinf.o(x$fpl$dretinf)
    x$fpl$dsub                               0x08003c04   Section      468  daddsub_clz.o(x$fpl$dsub)
    _dsub1                                   0x08003c15   Thumb Code     0  daddsub_clz.o(x$fpl$dsub)
    x$fpl$f2d                                0x08003dd8   Section       86  f2d.o(x$fpl$f2d)
    x$fpl$fadd                               0x08003e30   Section      196  faddsub_clz.o(x$fpl$fadd)
    _fadd1                                   0x08003e3f   Thumb Code     0  faddsub_clz.o(x$fpl$fadd)
    x$fpl$fdiv                               0x08003ef4   Section      388  fdiv.o(x$fpl$fdiv)
    _fdiv1                                   0x08003ef5   Thumb Code     0  fdiv.o(x$fpl$fdiv)
    x$fpl$ffltu                              0x08004078   Section       38  fflt_clz.o(x$fpl$ffltu)
    x$fpl$fmul                               0x080040a0   Section      258  fmul.o(x$fpl$fmul)
    x$fpl$fnaninf                            0x080041a2   Section      140  fnaninf.o(x$fpl$fnaninf)
    x$fpl$fretinf                            0x0800422e   Section       10  fretinf.o(x$fpl$fretinf)
    x$fpl$fsub                               0x08004238   Section      234  faddsub_clz.o(x$fpl$fsub)
    _fsub1                                   0x08004247   Thumb Code     0  faddsub_clz.o(x$fpl$fsub)
    x$fpl$printf1                            0x08004322   Section        4  printf1.o(x$fpl$printf1)
    .constdata                               0x08004326   Section       16  system_stm32f1xx.o(.constdata)
    x$fpl$usenofp                            0x08004326   Section        0  usenofp.o(x$fpl$usenofp)
    .constdata                               0x08004336   Section        8  system_stm32f1xx.o(.constdata)
    .constdata                               0x0800433e   Section     6080  oled.o(.constdata)
    .constdata                               0x08005b00   Section      148  bigflt0.o(.constdata)
    tenpwrs_x                                0x08005b00   Data          60  bigflt0.o(.constdata)
    tenpwrs_i                                0x08005b3c   Data          64  bigflt0.o(.constdata)
    locale$$data                             0x08005bb4   Section       28  lc_numeric_c.o(locale$$data)
    __lcnum_c_name                           0x08005bb8   Data           2  lc_numeric_c.o(locale$$data)
    __lcnum_c_start                          0x08005bc0   Data           0  lc_numeric_c.o(locale$$data)
    __lcnum_c_point                          0x08005bcc   Data           0  lc_numeric_c.o(locale$$data)
    __lcnum_c_thousands                      0x08005bce   Data           0  lc_numeric_c.o(locale$$data)
    __lcnum_c_grouping                       0x08005bcf   Data           0  lc_numeric_c.o(locale$$data)
    __lcnum_c_end                            0x08005bd0   Data           0  lc_numeric_c.o(locale$$data)
    .data                                    0x20000000   Section       12  stm32f1xx_hal.o(.data)
    .data                                    0x2000000c   Section        4  system_stm32f1xx.o(.data)
    .data                                    0x20000010   Section        2  hal_temhum.o(.data)
    _i2cAddress                              0x20000011   Data           1  hal_temhum.o(.data)
    .data                                    0x20000012   Section     4984  oled.o(.data)
    .bss                                     0x2000138c   Section      168  i2c.o(.bss)
    .bss                                     0x20001434   Section       88  spi.o(.bss)
    .bss                                     0x2000148c   Section       68  usart.o(.bss)
    .bss                                     0x200014d0   Section     1152  oled.o(.bss)
    .bss                                     0x20001950   Section       96  libspace.o(.bss)
    HEAP                                     0x200019b0   Section      512  startup_stm32f103xb.o(HEAP)
    Heap_Mem                                 0x200019b0   Data         512  startup_stm32f103xb.o(HEAP)
    STACK                                    0x20001bb0   Section     1024  startup_stm32f103xb.o(STACK)
    Stack_Mem                                0x20001bb0   Data        1024  startup_stm32f103xb.o(STACK)
    __initial_sp                             0x20001fb0   Data           0  startup_stm32f103xb.o(STACK)

    Global Symbols

    Symbol Name                              Value     Ov Type        Size  Object(Section)

    BuildAttributes$$THM_ISAv4$P$D$K$B$S$PE$A:L22UL41UL21$X:L11$S22US41US21$IEEE1$IW$USESV6$~STKCKD$USESV7$~SHL$OTIME$ROPI$IEEEJ$EBA8$UX$STANDARDLIB$REQ8$PRES8$EABIv2 0x00000000   Number         0  anon$$obj.o ABSOLUTE
    __ARM_use_no_argv                        0x00000000   Number         0  main.o ABSOLUTE
    _printf_flags                            0x00000000   Number         0  printf_stubs.o ABSOLUTE
    _printf_return_value                     0x00000000   Number         0  printf_stubs.o ABSOLUTE
    _printf_sizespec                         0x00000000   Number         0  printf_stubs.o ABSOLUTE
    _printf_widthprec                        0x00000000   Number         0  printf_stubs.o ABSOLUTE
    __ARM_exceptions_init                     - Undefined Weak Reference
    __alloca_initialize                       - Undefined Weak Reference
    __arm_fini_                               - Undefined Weak Reference
    __arm_preinit_                            - Undefined Weak Reference
    __cpp_initialize__aeabi_                  - Undefined Weak Reference
    __cxa_finalize                            - Undefined Weak Reference
    __sigvec_lookup                           - Undefined Weak Reference
    _atexit_init                              - Undefined Weak Reference
    _call_atexit_fns                          - Undefined Weak Reference
    _clock_init                               - Undefined Weak Reference
    _fp_trap_init                             - Undefined Weak Reference
    _fp_trap_shutdown                         - Undefined Weak Reference
    _get_lc_collate                           - Undefined Weak Reference
    _get_lc_ctype                             - Undefined Weak Reference
    _get_lc_monetary                          - Undefined Weak Reference
    _get_lc_time                              - Undefined Weak Reference
    _getenv_init                              - Undefined Weak Reference
    _handle_redirection                       - Undefined Weak Reference
    _init_alloc                               - Undefined Weak Reference
    _init_user_alloc                          - Undefined Weak Reference
    _initio                                   - Undefined Weak Reference
    _printf_post_padding                      - Undefined Weak Reference
    _printf_pre_padding                       - Undefined Weak Reference
    _rand_init                                - Undefined Weak Reference
    _signal_finish                            - Undefined Weak Reference
    _signal_init                              - Undefined Weak Reference
    _terminate_alloc                          - Undefined Weak Reference
    _terminate_user_alloc                     - Undefined Weak Reference
    _terminateio                              - Undefined Weak Reference
    __Vectors_Size                           0x000000ec   Number         0  startup_stm32f103xb.o ABSOLUTE
    __Vectors                                0x08000000   Data           4  startup_stm32f103xb.o(RESET)
    __Vectors_End                            0x080000ec   Data           0  startup_stm32f103xb.o(RESET)
    __main                                   0x080000ed   Thumb Code     8  __main.o(!!!main)
    __scatterload                            0x080000f5   Thumb Code     0  __scatter.o(!!!scatter)
    __scatterload_rt2                        0x080000f5   Thumb Code    44  __scatter.o(!!!scatter)
    __scatterload_rt2_thumb_only             0x080000f5   Thumb Code     0  __scatter.o(!!!scatter)
    __scatterload_null                       0x08000103   Thumb Code     0  __scatter.o(!!!scatter)
    __decompress                             0x08000129   Thumb Code    90  __dczerorl2.o(!!dczerorl2)
    __decompress1                            0x08000129   Thumb Code     0  __dczerorl2.o(!!dczerorl2)
    __scatterload_zeroinit                   0x08000185   Thumb Code    28  __scatter_zi.o(!!handler_zi)
    _printf_f                                0x080001a1   Thumb Code     0  _printf_f.o(.ARM.Collect$$_printf_percent$$00000003)
    _printf_percent                          0x080001a1   Thumb Code     0  _printf_percent.o(.ARM.Collect$$_printf_percent$$00000000)
    _printf_percent_end                      0x080001a7   Thumb Code     0  _printf_percent_end.o(.ARM.Collect$$_printf_percent$$00000017)
    __rt_lib_init                            0x080001ab   Thumb Code     0  libinit.o(.ARM.Collect$$libinit$$00000000)
    __rt_lib_init_fp_1                       0x080001ad   Thumb Code     0  libinit2.o(.ARM.Collect$$libinit$$00000002)
    __rt_lib_init_heap_1                     0x080001ad   Thumb Code     0  libinit2.o(.ARM.Collect$$libinit$$0000000A)
    __rt_lib_init_lc_common                  0x080001ad   Thumb Code     0  libinit2.o(.ARM.Collect$$libinit$$0000000F)
    __rt_lib_init_preinit_1                  0x080001ad   Thumb Code     0  libinit2.o(.ARM.Collect$$libinit$$00000004)
    __rt_lib_init_rand_1                     0x080001ad   Thumb Code     0  libinit2.o(.ARM.Collect$$libinit$$0000000E)
    __rt_lib_init_user_alloc_1               0x080001ad   Thumb Code     0  libinit2.o(.ARM.Collect$$libinit$$0000000C)
    __rt_lib_init_lc_collate_1               0x080001b3   Thumb Code     0  libinit2.o(.ARM.Collect$$libinit$$00000011)
    __rt_lib_init_lc_ctype_1                 0x080001b3   Thumb Code     0  libinit2.o(.ARM.Collect$$libinit$$00000013)
    __rt_lib_init_lc_monetary_1              0x080001b3   Thumb Code     0  libinit2.o(.ARM.Collect$$libinit$$00000015)
    __rt_lib_init_lc_numeric_2               0x080001b3   Thumb Code     0  libinit2.o(.ARM.Collect$$libinit$$00000016)
    __rt_lib_init_alloca_1                   0x080001bd   Thumb Code     0  libinit2.o(.ARM.Collect$$libinit$$0000002E)
    __rt_lib_init_argv_1                     0x080001bd   Thumb Code     0  libinit2.o(.ARM.Collect$$libinit$$0000002C)
    __rt_lib_init_atexit_1                   0x080001bd   Thumb Code     0  libinit2.o(.ARM.Collect$$libinit$$0000001B)
    __rt_lib_init_clock_1                    0x080001bd   Thumb Code     0  libinit2.o(.ARM.Collect$$libinit$$00000021)
    __rt_lib_init_cpp_1                      0x080001bd   Thumb Code     0  libinit2.o(.ARM.Collect$$libinit$$00000032)
    __rt_lib_init_exceptions_1               0x080001bd   Thumb Code     0  libinit2.o(.ARM.Collect$$libinit$$00000030)
    __rt_lib_init_fp_trap_1                  0x080001bd   Thumb Code     0  libinit2.o(.ARM.Collect$$libinit$$0000001F)
    __rt_lib_init_getenv_1                   0x080001bd   Thumb Code     0  libinit2.o(.ARM.Collect$$libinit$$00000023)
    __rt_lib_init_lc_numeric_1               0x080001bd   Thumb Code     0  libinit2.o(.ARM.Collect$$libinit$$00000017)
    __rt_lib_init_lc_time_1                  0x080001bd   Thumb Code     0  libinit2.o(.ARM.Collect$$libinit$$00000019)
    __rt_lib_init_return                     0x080001bd   Thumb Code     0  libinit2.o(.ARM.Collect$$libinit$$00000033)
    __rt_lib_init_signal_1                   0x080001bd   Thumb Code     0  libinit2.o(.ARM.Collect$$libinit$$0000001D)
    __rt_lib_init_stdio_1                    0x080001bd   Thumb Code     0  libinit2.o(.ARM.Collect$$libinit$$00000025)
    __rt_lib_shutdown                        0x080001bf   Thumb Code     0  libshutdown.o(.ARM.Collect$$libshutdown$$00000000)
    __rt_lib_shutdown_cpp_1                  0x080001c1   Thumb Code     0  libshutdown2.o(.ARM.Collect$$libshutdown$$00000004)
    __rt_lib_shutdown_fini_1                 0x080001c1   Thumb Code     0  libshutdown2.o(.ARM.Collect$$libshutdown$$00000002)
    __rt_lib_shutdown_fp_trap_1              0x080001c1   Thumb Code     0  libshutdown2.o(.ARM.Collect$$libshutdown$$00000009)
    __rt_lib_shutdown_heap_1                 0x080001c1   Thumb Code     0  libshutdown2.o(.ARM.Collect$$libshutdown$$00000011)
    __rt_lib_shutdown_return                 0x080001c1   Thumb Code     0  libshutdown2.o(.ARM.Collect$$libshutdown$$00000012)
    __rt_lib_shutdown_signal_1               0x080001c1   Thumb Code     0  libshutdown2.o(.ARM.Collect$$libshutdown$$0000000C)
    __rt_lib_shutdown_stdio_1                0x080001c1   Thumb Code     0  libshutdown2.o(.ARM.Collect$$libshutdown$$00000006)
    __rt_lib_shutdown_user_alloc_1           0x080001c1   Thumb Code     0  libshutdown2.o(.ARM.Collect$$libshutdown$$0000000E)
    __rt_entry                               0x080001c3   Thumb Code     0  __rtentry.o(.ARM.Collect$$rtentry$$00000000)
    __rt_entry_presh_1                       0x080001c3   Thumb Code     0  __rtentry2.o(.ARM.Collect$$rtentry$$00000002)
    __rt_entry_sh                            0x080001c3   Thumb Code     0  __rtentry4.o(.ARM.Collect$$rtentry$$00000004)
    __rt_entry_li                            0x080001c9   Thumb Code     0  __rtentry2.o(.ARM.Collect$$rtentry$$0000000A)
    __rt_entry_postsh_1                      0x080001c9   Thumb Code     0  __rtentry2.o(.ARM.Collect$$rtentry$$00000009)
    __rt_entry_main                          0x080001cd   Thumb Code     0  __rtentry2.o(.ARM.Collect$$rtentry$$0000000D)
    __rt_entry_postli_1                      0x080001cd   Thumb Code     0  __rtentry2.o(.ARM.Collect$$rtentry$$0000000C)
    __rt_exit                                0x080001d5   Thumb Code     0  rtexit.o(.ARM.Collect$$rtexit$$00000000)
    __rt_exit_ls                             0x080001d7   Thumb Code     0  rtexit2.o(.ARM.Collect$$rtexit$$00000003)
    __rt_exit_prels_1                        0x080001d7   Thumb Code     0  rtexit2.o(.ARM.Collect$$rtexit$$00000002)
    __rt_exit_exit                           0x080001db   Thumb Code     0  rtexit2.o(.ARM.Collect$$rtexit$$00000004)
    Reset_Handler                            0x080001e1   Thumb Code     8  startup_stm32f103xb.o(.text)
    ADC1_2_IRQHandler                        0x080001fb   Thumb Code     0  startup_stm32f103xb.o(.text)
    CAN1_RX1_IRQHandler                      0x080001fb   Thumb Code     0  startup_stm32f103xb.o(.text)
    CAN1_SCE_IRQHandler                      0x080001fb   Thumb Code     0  startup_stm32f103xb.o(.text)
    DMA1_Channel1_IRQHandler                 0x080001fb   Thumb Code     0  startup_stm32f103xb.o(.text)
    DMA1_Channel2_IRQHandler                 0x080001fb   Thumb Code     0  startup_stm32f103xb.o(.text)
    DMA1_Channel3_IRQHandler                 0x080001fb   Thumb Code     0  startup_stm32f103xb.o(.text)
    DMA1_Channel4_IRQHandler                 0x080001fb   Thumb Code     0  startup_stm32f103xb.o(.text)
    DMA1_Channel5_IRQHandler                 0x080001fb   Thumb Code     0  startup_stm32f103xb.o(.text)
    DMA1_Channel6_IRQHandler                 0x080001fb   Thumb Code     0  startup_stm32f103xb.o(.text)
    DMA1_Channel7_IRQHandler                 0x080001fb   Thumb Code     0  startup_stm32f103xb.o(.text)
    EXTI0_IRQHandler                         0x080001fb   Thumb Code     0  startup_stm32f103xb.o(.text)
    EXTI15_10_IRQHandler                     0x080001fb   Thumb Code     0  startup_stm32f103xb.o(.text)
    EXTI1_IRQHandler                         0x080001fb   Thumb Code     0  startup_stm32f103xb.o(.text)
    EXTI2_IRQHandler                         0x080001fb   Thumb Code     0  startup_stm32f103xb.o(.text)
    EXTI3_IRQHandler                         0x080001fb   Thumb Code     0  startup_stm32f103xb.o(.text)
    EXTI4_IRQHandler                         0x080001fb   Thumb Code     0  startup_stm32f103xb.o(.text)
    EXTI9_5_IRQHandler                       0x080001fb   Thumb Code     0  startup_stm32f103xb.o(.text)
    FLASH_IRQHandler                         0x080001fb   Thumb Code     0  startup_stm32f103xb.o(.text)
    I2C1_ER_IRQHandler                       0x080001fb   Thumb Code     0  startup_stm32f103xb.o(.text)
    I2C1_EV_IRQHandler                       0x080001fb   Thumb Code     0  startup_stm32f103xb.o(.text)
    I2C2_ER_IRQHandler                       0x080001fb   Thumb Code     0  startup_stm32f103xb.o(.text)
    I2C2_EV_IRQHandler                       0x080001fb   Thumb Code     0  startup_stm32f103xb.o(.text)
    PVD_IRQHandler                           0x080001fb   Thumb Code     0  startup_stm32f103xb.o(.text)
    RCC_IRQHandler                           0x080001fb   Thumb Code     0  startup_stm32f103xb.o(.text)
    RTC_Alarm_IRQHandler                     0x080001fb   Thumb Code     0  startup_stm32f103xb.o(.text)
    RTC_IRQHandler                           0x080001fb   Thumb Code     0  startup_stm32f103xb.o(.text)
    SPI1_IRQHandler                          0x080001fb   Thumb Code     0  startup_stm32f103xb.o(.text)
    SPI2_IRQHandler                          0x080001fb   Thumb Code     0  startup_stm32f103xb.o(.text)
    TAMPER_IRQHandler                        0x080001fb   Thumb Code     0  startup_stm32f103xb.o(.text)
    TIM1_BRK_IRQHandler                      0x080001fb   Thumb Code     0  startup_stm32f103xb.o(.text)
    TIM1_CC_IRQHandler                       0x080001fb   Thumb Code     0  startup_stm32f103xb.o(.text)
    TIM1_TRG_COM_IRQHandler                  0x080001fb   Thumb Code     0  startup_stm32f103xb.o(.text)
    TIM1_UP_IRQHandler                       0x080001fb   Thumb Code     0  startup_stm32f103xb.o(.text)
    TIM2_IRQHandler                          0x080001fb   Thumb Code     0  startup_stm32f103xb.o(.text)
    TIM3_IRQHandler                          0x080001fb   Thumb Code     0  startup_stm32f103xb.o(.text)
    TIM4_IRQHandler                          0x080001fb   Thumb Code     0  startup_stm32f103xb.o(.text)
    USART1_IRQHandler                        0x080001fb   Thumb Code     0  startup_stm32f103xb.o(.text)
    USART3_IRQHandler                        0x080001fb   Thumb Code     0  startup_stm32f103xb.o(.text)
    USBWakeUp_IRQHandler                     0x080001fb   Thumb Code     0  startup_stm32f103xb.o(.text)
    USB_HP_CAN1_TX_IRQHandler                0x080001fb   Thumb Code     0  startup_stm32f103xb.o(.text)
    USB_LP_CAN1_RX0_IRQHandler               0x080001fb   Thumb Code     0  startup_stm32f103xb.o(.text)
    WWDG_IRQHandler                          0x080001fb   Thumb Code     0  startup_stm32f103xb.o(.text)
    __user_initial_stackheap                 0x080001fd   Thumb Code     0  startup_stm32f103xb.o(.text)
    __2sprintf                               0x08000221   Thumb Code    34  noretval__2sprintf.o(.text)
    __printf                                 0x08000249   Thumb Code   270  __printf_wp.o(.text)
    __aeabi_memclr4                          0x08000357   Thumb Code     0  rt_memclr_w.o(.text)
    __aeabi_memclr8                          0x08000357   Thumb Code     0  rt_memclr_w.o(.text)
    __rt_memclr_w                            0x08000357   Thumb Code    78  rt_memclr_w.o(.text)
    _memset_w                                0x0800035b   Thumb Code     0  rt_memclr_w.o(.text)
    __use_two_region_memory                  0x080003a5   Thumb Code     2  heapauxi.o(.text)
    __rt_heap_escrow$2region                 0x080003a7   Thumb Code     2  heapauxi.o(.text)
    __rt_heap_expand$2region                 0x080003a9   Thumb Code     2  heapauxi.o(.text)
    __lib_sel_fp_printf                      0x080003ab   Thumb Code     2  _printf_fp_dec.o(.text)
    _printf_fp_dec_real                      0x0800055d   Thumb Code   620  _printf_fp_dec.o(.text)
    _printf_char_common                      0x080007d3   Thumb Code    32  _printf_char_common.o(.text)
    _sputc                                   0x080007f9   Thumb Code    10  _sputc.o(.text)
    __rt_locale                              0x08000805   Thumb Code     8  rt_locale_intlibspace.o(.text)
    _ll_udiv10                               0x0800080d   Thumb Code   138  lludiv10.o(.text)
    _printf_fp_infnan                        0x08000899   Thumb Code   112  _printf_fp_infnan.o(.text)
    _btod_etento                             0x08000919   Thumb Code   224  bigflt0.o(.text)
    __user_libspace                          0x080009fd   Thumb Code     8  libspace.o(.text)
    __user_perproc_libspace                  0x080009fd   Thumb Code     0  libspace.o(.text)
    __user_perthread_libspace                0x080009fd   Thumb Code     0  libspace.o(.text)
    __user_setup_stackheap                   0x08000a05   Thumb Code    74  sys_stackheap_outer.o(.text)
    exit                                     0x08000a4f   Thumb Code    18  exit.o(.text)
    strcmp                                   0x08000a61   Thumb Code   128  strcmpv7m.o(.text)
    _sys_exit                                0x08000ae1   Thumb Code     8  sys_exit.o(.text)
    __I$use$semihosting                      0x08000aed   Thumb Code     0  use_no_semi.o(.text)
    __use_no_semihosting_swi                 0x08000aed   Thumb Code     2  use_no_semi.o(.text)
    __semihosting_library_function           0x08000aef   Thumb Code     0  indicate_semi.o(.text)
    _btod_d2e                                0x08000aef   Thumb Code    62  btod.o(CL$$btod_d2e)
    _d2e_denorm_low                          0x08000b2d   Thumb Code    70  btod.o(CL$$btod_d2e_denorm_low)
    _d2e_norm_op1                            0x08000b73   Thumb Code    96  btod.o(CL$$btod_d2e_norm_op1)
    __btod_div_common                        0x08000bd3   Thumb Code   696  btod.o(CL$$btod_div_common)
    _e2e                                     0x08000f0b   Thumb Code   220  btod.o(CL$$btod_e2e)
    _btod_ediv                               0x08000fe7   Thumb Code    42  btod.o(CL$$btod_ediv)
    _btod_emul                               0x08001011   Thumb Code    42  btod.o(CL$$btod_emul)
    __btod_mult_common                       0x0800103b   Thumb Code   580  btod.o(CL$$btod_mult_common)
    BusFault_Handler                         0x0800127f   Thumb Code     2  stm32f1xx_it.o(i.BusFault_Handler)
    DebugMon_Handler                         0x08001281   Thumb Code     2  stm32f1xx_it.o(i.DebugMon_Handler)
    DelayMicroSeconds                        0x08001283   Thumb Code    20  hal_temhum.o(i.DelayMicroSeconds)
    Error_Handler                            0x08001297   Thumb Code     4  main.o(i.Error_Handler)
    HAL_DMA_Abort                            0x0800129b   Thumb Code    70  stm32f1xx_hal_dma.o(i.HAL_DMA_Abort)
    HAL_DMA_Abort_IT                         0x080012e1   Thumb Code   148  stm32f1xx_hal_dma.o(i.HAL_DMA_Abort_IT)
    HAL_Delay                                0x08001379   Thumb Code    32  stm32f1xx_hal.o(i.HAL_Delay)
    HAL_GPIO_Init                            0x0800139d   Thumb Code   446  stm32f1xx_hal_gpio.o(i.HAL_GPIO_Init)
    HAL_GPIO_ReadPin                         0x0800157d   Thumb Code    10  stm32f1xx_hal_gpio.o(i.HAL_GPIO_ReadPin)
    HAL_GPIO_TogglePin                       0x08001587   Thumb Code    16  stm32f1xx_hal_gpio.o(i.HAL_GPIO_TogglePin)
    HAL_GPIO_WritePin                        0x08001597   Thumb Code    10  stm32f1xx_hal_gpio.o(i.HAL_GPIO_WritePin)
    HAL_GetTick                              0x080015a1   Thumb Code     6  stm32f1xx_hal.o(i.HAL_GetTick)
    HAL_I2C_Init                             0x080015ad   Thumb Code   376  stm32f1xx_hal_i2c.o(i.HAL_I2C_Init)
    HAL_I2C_MspInit                          0x08001735   Thumb Code   134  i2c.o(i.HAL_I2C_MspInit)
    HAL_IncTick                              0x080017cd   Thumb Code    12  stm32f1xx_hal.o(i.HAL_IncTick)
    HAL_Init                                 0x080017dd   Thumb Code    32  stm32f1xx_hal.o(i.HAL_Init)
    HAL_InitTick                             0x08001801   Thumb Code    54  stm32f1xx_hal.o(i.HAL_InitTick)
    HAL_MspInit                              0x08001841   Thumb Code    52  stm32f1xx_hal_msp.o(i.HAL_MspInit)
    HAL_NVIC_EnableIRQ                       0x0800187d   Thumb Code    26  stm32f1xx_hal_cortex.o(i.HAL_NVIC_EnableIRQ)
    HAL_NVIC_SetPriority                     0x08001899   Thumb Code    60  stm32f1xx_hal_cortex.o(i.HAL_NVIC_SetPriority)
    HAL_NVIC_SetPriorityGrouping             0x080018d9   Thumb Code    26  stm32f1xx_hal_cortex.o(i.HAL_NVIC_SetPriorityGrouping)
    HAL_RCC_ClockConfig                      0x080018fd   Thumb Code   280  stm32f1xx_hal_rcc.o(i.HAL_RCC_ClockConfig)
    HAL_RCC_GetPCLK1Freq                     0x08001a29   Thumb Code    20  stm32f1xx_hal_rcc.o(i.HAL_RCC_GetPCLK1Freq)
    HAL_RCC_GetPCLK2Freq                     0x08001a49   Thumb Code    20  stm32f1xx_hal_rcc.o(i.HAL_RCC_GetPCLK2Freq)
    HAL_RCC_GetSysClockFreq                  0x08001a69   Thumb Code    74  stm32f1xx_hal_rcc.o(i.HAL_RCC_GetSysClockFreq)
    HAL_RCC_OscConfig                        0x08001ad5   Thumb Code   778  stm32f1xx_hal_rcc.o(i.HAL_RCC_OscConfig)
    HAL_SPI_Init                             0x08001df5   Thumb Code   178  stm32f1xx_hal_spi.o(i.HAL_SPI_Init)
    HAL_SPI_MspInit                          0x08001ea9   Thumb Code    80  spi.o(i.HAL_SPI_MspInit)
    HAL_SPI_Transmit                         0x08001f05   Thumb Code   358  stm32f1xx_hal_spi.o(i.HAL_SPI_Transmit)
    HAL_SYSTICK_Config                       0x0800206b   Thumb Code    40  stm32f1xx_hal_cortex.o(i.HAL_SYSTICK_Config)
    HAL_UARTEx_RxEventCallback               0x08002093   Thumb Code     2  stm32f1xx_hal_uart.o(i.HAL_UARTEx_RxEventCallback)
    HAL_UART_ErrorCallback                   0x08002095   Thumb Code     2  stm32f1xx_hal_uart.o(i.HAL_UART_ErrorCallback)
    HAL_UART_IRQHandler                      0x08002099   Thumb Code   520  stm32f1xx_hal_uart.o(i.HAL_UART_IRQHandler)
    HAL_UART_Init                            0x080022a5   Thumb Code    98  stm32f1xx_hal_uart.o(i.HAL_UART_Init)
    HAL_UART_MspInit                         0x08002309   Thumb Code   114  usart.o(i.HAL_UART_MspInit)
    HAL_UART_RxCpltCallback                  0x08002389   Thumb Code     2  stm32f1xx_hal_uart.o(i.HAL_UART_RxCpltCallback)
    HAL_UART_TxCpltCallback                  0x0800238b   Thumb Code     2  stm32f1xx_hal_uart.o(i.HAL_UART_TxCpltCallback)
    HardFault_Handler                        0x0800238d   Thumb Code     2  stm32f1xx_it.o(i.HardFault_Handler)
    I2c_Init                                 0x08002391   Thumb Code    72  hal_temhum.o(i.I2c_Init)
    I2c_ReadByte                             0x080023e1   Thumb Code   226  hal_temhum.o(i.I2c_ReadByte)
    I2c_SclInOutInit                         0x080024c9   Thumb Code    40  hal_temhum.o(i.I2c_SclInOutInit)
    I2c_StartCondition                       0x080024f5   Thumb Code    72  hal_temhum.o(i.I2c_StartCondition)
    I2c_StopCondition                        0x08002541   Thumb Code    72  hal_temhum.o(i.I2c_StopCondition)
    I2c_WriteByte                            0x0800258d   Thumb Code   144  hal_temhum.o(i.I2c_WriteByte)
    I2c_sdaInOutInit                         0x08002621   Thumb Code    40  hal_temhum.o(i.I2c_sdaInOutInit)
    MX_GPIO_Init                             0x0800264d   Thumb Code   186  gpio.o(i.MX_GPIO_Init)
    MX_I2C1_Init                             0x08002719   Thumb Code    50  i2c.o(i.MX_I2C1_Init)
    MX_I2C2_Init                             0x08002759   Thumb Code    50  i2c.o(i.MX_I2C2_Init)
    MX_SPI1_Init                             0x08002799   Thumb Code    62  spi.o(i.MX_SPI1_Init)
    MX_USART2_UART_Init                      0x080027e1   Thumb Code    48  usart.o(i.MX_USART2_UART_Init)
    MemManage_Handler                        0x08002819   Thumb Code     2  stm32f1xx_it.o(i.MemManage_Handler)
    NMI_Handler                              0x0800281b   Thumb Code     2  stm32f1xx_it.o(i.NMI_Handler)
    OLED_Clear                               0x0800281d   Thumb Code    40  oled.o(i.OLED_Clear)
    OLED_ClearPoint                          0x08002849   Thumb Code    28  oled.o(i.OLED_ClearPoint)
    OLED_DrawPoint                           0x08002869   Thumb Code    24  oled.o(i.OLED_DrawPoint)
    OLED_Init                                0x08002885   Thumb Code   262  oled.o(i.OLED_Init)
    OLED_Refresh                             0x08002991   Thumb Code    70  oled.o(i.OLED_Refresh)
    OLED_ShowChar                            0x080029dd   Thumb Code   154  oled.o(i.OLED_ShowChar)
    OLED_ShowChinese                         0x08002a85   Thumb Code   204  oled.o(i.OLED_ShowChinese)
    OLED_ShowString                          0x08002b5d   Thumb Code    64  oled.o(i.OLED_ShowString)
    OLED_WR_Byte                             0x08002b9d   Thumb Code    66  oled.o(i.OLED_WR_Byte)
    PendSV_Handler                           0x08002be9   Thumb Code     2  stm32f1xx_it.o(i.PendSV_Handler)
    SHT1X_Init                               0x08002beb   Thumb Code    26  hal_temhum.o(i.SHT1X_Init)
    SHT3X_GetTempAndHumi                     0x08002c81   Thumb Code    32  hal_temhum.o(i.SHT3X_GetTempAndHumi)
    SHT3X_GetTempAndHumiClkStretch           0x08002ca1   Thumb Code   128  hal_temhum.o(i.SHT3X_GetTempAndHumiClkStretch)
    SHT3X_GetTempAndHumiPolling              0x08002d21   Thumb Code   160  hal_temhum.o(i.SHT3X_GetTempAndHumiPolling)
    SHT3X_HardReset                          0x08002dc1   Thumb Code    20  hal_temhum.o(i.SHT3X_HardReset)
    SHT3X_Init                               0x08002dd9   Thumb Code    32  hal_temhum.o(i.SHT3X_Init)
    SHT3X_SoftReset                          0x08002e47   Thumb Code    36  hal_temhum.o(i.SHT3X_SoftReset)
    SHT3x_ReadSerialNumber                   0x08002ebf   Thumb Code    78  hal_temhum.o(i.SHT3x_ReadSerialNumber)
    SHTXX_Init                               0x08002f0d   Thumb Code    24  hal_temhum.o(i.SHTXX_Init)
    SVC_Handler                              0x08003001   Thumb Code     2  stm32f1xx_it.o(i.SVC_Handler)
    Serial_DataInOutInit                     0x08003005   Thumb Code    42  hal_temhum.o(i.Serial_DataInOutInit)
    Serial_Init                              0x08003051   Thumb Code    74  hal_temhum.o(i.Serial_Init)
    SysTick_Handler                          0x080030a5   Thumb Code     4  stm32f1xx_it.o(i.SysTick_Handler)
    SystemClock_Config                       0x080030a9   Thumb Code    94  main.o(i.SystemClock_Config)
    SystemInit                               0x08003107   Thumb Code     2  system_stm32f1xx.o(i.SystemInit)
    USART2_IRQHandler                        0x080032b9   Thumb Code     6  stm32f1xx_it.o(i.USART2_IRQHandler)
    UsageFault_Handler                       0x080032c5   Thumb Code     2  stm32f1xx_it.o(i.UsageFault_Handler)
    __ARM_fpclassify                         0x080032c7   Thumb Code    40  fpclassify.o(i.__ARM_fpclassify)
    _is_digit                                0x0800330f   Thumb Code    14  __printf_wp.o(i._is_digit)
    calc_sth11                               0x0800331d   Thumb Code   154  hal_temhum.o(i.calc_sth11)
    call_sht11                               0x080033e9   Thumb Code    58  hal_temhum.o(i.call_sht11)
    call_sht1x                               0x08003429   Thumb Code    84  hal_temhum.o(i.call_sht1x)
    initView                                 0x0800347d   Thumb Code    70  main.o(i.initView)
    main                                     0x080034c5   Thumb Code   140  main.o(i.main)
    s_connectionreset                        0x08003569   Thumb Code    76  hal_temhum.o(i.s_connectionreset)
    s_measure                                0x080035b9   Thumb Code   130  hal_temhum.o(i.s_measure)
    s_read_byte                              0x08003641   Thumb Code   166  hal_temhum.o(i.s_read_byte)
    s_softreset                              0x080036ed   Thumb Code    16  hal_temhum.o(i.s_softreset)
    s_transstart                             0x080036fd   Thumb Code   128  hal_temhum.o(i.s_transstart)
    s_write_byte                             0x08003781   Thumb Code   162  hal_temhum.o(i.s_write_byte)
    _get_lc_numeric                          0x08003829   Thumb Code    44  lc_numeric_c.o(locale$$code)
    __aeabi_d2f                              0x08003855   Thumb Code     0  d2f.o(x$fpl$d2f)
    _d2f                                     0x08003855   Thumb Code    98  d2f.o(x$fpl$d2f)
    __aeabi_dadd                             0x080038b9   Thumb Code     0  daddsub_clz.o(x$fpl$dadd)
    _dadd                                    0x080038b9   Thumb Code   332  daddsub_clz.o(x$fpl$dadd)
    __aeabi_dmul                             0x08003a09   Thumb Code     0  dmul.o(x$fpl$dmul)
    _dmul                                    0x08003a09   Thumb Code   332  dmul.o(x$fpl$dmul)
    __fpl_dnaninf                            0x08003b5d   Thumb Code   156  dnaninf.o(x$fpl$dnaninf)
    __fpl_dretinf                            0x08003bf9   Thumb Code    12  dretinf.o(x$fpl$dretinf)
    __aeabi_dsub                             0x08003c05   Thumb Code     0  daddsub_clz.o(x$fpl$dsub)
    _dsub                                    0x08003c05   Thumb Code   464  daddsub_clz.o(x$fpl$dsub)
    __aeabi_f2d                              0x08003dd9   Thumb Code     0  f2d.o(x$fpl$f2d)
    _f2d                                     0x08003dd9   Thumb Code    86  f2d.o(x$fpl$f2d)
    __aeabi_fadd                             0x08003e31   Thumb Code     0  faddsub_clz.o(x$fpl$fadd)
    _fadd                                    0x08003e31   Thumb Code   196  faddsub_clz.o(x$fpl$fadd)
    __aeabi_fdiv                             0x08003ef5   Thumb Code     0  fdiv.o(x$fpl$fdiv)
    _fdiv                                    0x08003ef5   Thumb Code   384  fdiv.o(x$fpl$fdiv)
    __aeabi_ui2f                             0x08004079   Thumb Code     0  fflt_clz.o(x$fpl$ffltu)
    _ffltu                                   0x08004079   Thumb Code    38  fflt_clz.o(x$fpl$ffltu)
    __aeabi_fmul                             0x080040a1   Thumb Code     0  fmul.o(x$fpl$fmul)
    _fmul                                    0x080040a1   Thumb Code   258  fmul.o(x$fpl$fmul)
    __fpl_fnaninf                            0x080041a3   Thumb Code   140  fnaninf.o(x$fpl$fnaninf)
    __fpl_fretinf                            0x0800422f   Thumb Code    10  fretinf.o(x$fpl$fretinf)
    __aeabi_fsub                             0x08004239   Thumb Code     0  faddsub_clz.o(x$fpl$fsub)
    _fsub                                    0x08004239   Thumb Code   234  faddsub_clz.o(x$fpl$fsub)
    _printf_fp_dec                           0x08004323   Thumb Code     4  printf1.o(x$fpl$printf1)
    AHBPrescTable                            0x08004326   Data          16  system_stm32f1xx.o(.constdata)
    __I$use$fp                               0x08004326   Number         0  usenofp.o(x$fpl$usenofp)
    APBPrescTable                            0x08004336   Data           8  system_stm32f1xx.o(.constdata)
    asc2_1206                                0x0800433e   Data        1140  oled.o(.constdata)
    asc2_1608                                0x080047b2   Data        1520  oled.o(.constdata)
    asc2_2412                                0x08004da2   Data        3420  oled.o(.constdata)
    Region$$Table$$Base                      0x08005b94   Number         0  anon$$obj.o(Region$$Table)
    Region$$Table$$Limit                     0x08005bb4   Number         0  anon$$obj.o(Region$$Table)
    uwTickFreq                               0x20000000   Data           1  stm32f1xx_hal.o(.data)
    uwTickPrio                               0x20000004   Data           4  stm32f1xx_hal.o(.data)
    uwTick                                   0x20000008   Data           4  stm32f1xx_hal.o(.data)
    SystemCoreClock                          0x2000000c   Data           4  system_stm32f1xx.o(.data)
    ShtFlag                                  0x20000010   Data           1  hal_temhum.o(.data)
    Hzk1                                     0x20000012   Data         160  oled.o(.data)
    Hzk2                                     0x200000b2   Data         216  oled.o(.data)
    Hzk3                                     0x2000018a   Data         512  oled.o(.data)
    Hzk4                                     0x2000038a   Data        4096  oled.o(.data)
    hi2c1                                    0x2000138c   Data          84  i2c.o(.bss)
    hi2c2                                    0x200013e0   Data          84  i2c.o(.bss)
    hspi1                                    0x20001434   Data          88  spi.o(.bss)
    huart2                                   0x2000148c   Data          68  usart.o(.bss)
    OLED_GRAM                                0x200014d0   Data        1152  oled.o(.bss)
    __libspace_start                         0x20001950   Data          96  libspace.o(.bss)
    __temporary_stack_top$libspace           0x200019b0   Data           0  libspace.o(.bss)



==============================================================================

Memory Map of the image

  Image Entry point : 0x080000ed

  Load Region LR_IROM1 (Base: 0x08000000, Size: 0x00006f5c, Max: 0x00010000, ABSOLUTE, COMPRESSED[0x00005ce8])

    Execution Region ER_IROM1 (Exec base: 0x08000000, Load base: 0x08000000, Size: 0x00005bd0, Max: 0x00010000, ABSOLUTE)

    Exec Addr    Load Addr    Size         Type   Attr      Idx    E Section Name        Object

    0x08000000   0x08000000   0x000000ec   Data   RO            3    RESET               startup_stm32f103xb.o
    0x080000ec   0x080000ec   0x00000008   Code   RO         3187  * !!!main             c_w.l(__main.o)
    0x080000f4   0x080000f4   0x00000034   Code   RO         3445    !!!scatter          c_w.l(__scatter.o)
    0x08000128   0x08000128   0x0000005a   Code   RO         3443    !!dczerorl2         c_w.l(__dczerorl2.o)
    0x08000182   0x08000182   0x00000002   PAD
    0x08000184   0x08000184   0x0000001c   Code   RO         3447    !!handler_zi        c_w.l(__scatter_zi.o)
    0x080001a0   0x080001a0   0x00000000   Code   RO         3182    .ARM.Collect$$_printf_percent$$00000000  c_w.l(_printf_percent.o)
    0x080001a0   0x080001a0   0x00000006   Code   RO         3181    .ARM.Collect$$_printf_percent$$00000003  c_w.l(_printf_f.o)
    0x080001a6   0x080001a6   0x00000004   Code   RO         3232    .ARM.Collect$$_printf_percent$$00000017  c_w.l(_printf_percent_end.o)
    0x080001aa   0x080001aa   0x00000002   Code   RO         3314    .ARM.Collect$$libinit$$00000000  c_w.l(libinit.o)
    0x080001ac   0x080001ac   0x00000000   Code   RO         3316    .ARM.Collect$$libinit$$00000002  c_w.l(libinit2.o)
    0x080001ac   0x080001ac   0x00000000   Code   RO         3318    .ARM.Collect$$libinit$$00000004  c_w.l(libinit2.o)
    0x080001ac   0x080001ac   0x00000000   Code   RO         3321    .ARM.Collect$$libinit$$0000000A  c_w.l(libinit2.o)
    0x080001ac   0x080001ac   0x00000000   Code   RO         3323    .ARM.Collect$$libinit$$0000000C  c_w.l(libinit2.o)
    0x080001ac   0x080001ac   0x00000000   Code   RO         3325    .ARM.Collect$$libinit$$0000000E  c_w.l(libinit2.o)
    0x080001ac   0x080001ac   0x00000006   Code   RO         3326    .ARM.Collect$$libinit$$0000000F  c_w.l(libinit2.o)
    0x080001b2   0x080001b2   0x00000000   Code   RO         3328    .ARM.Collect$$libinit$$00000011  c_w.l(libinit2.o)
    0x080001b2   0x080001b2   0x00000000   Code   RO         3330    .ARM.Collect$$libinit$$00000013  c_w.l(libinit2.o)
    0x080001b2   0x080001b2   0x00000000   Code   RO         3332    .ARM.Collect$$libinit$$00000015  c_w.l(libinit2.o)
    0x080001b2   0x080001b2   0x0000000a   Code   RO         3333    .ARM.Collect$$libinit$$00000016  c_w.l(libinit2.o)
    0x080001bc   0x080001bc   0x00000000   Code   RO         3334    .ARM.Collect$$libinit$$00000017  c_w.l(libinit2.o)
    0x080001bc   0x080001bc   0x00000000   Code   RO         3336    .ARM.Collect$$libinit$$00000019  c_w.l(libinit2.o)
    0x080001bc   0x080001bc   0x00000000   Code   RO         3338    .ARM.Collect$$libinit$$0000001B  c_w.l(libinit2.o)
    0x080001bc   0x080001bc   0x00000000   Code   RO         3340    .ARM.Collect$$libinit$$0000001D  c_w.l(libinit2.o)
    0x080001bc   0x080001bc   0x00000000   Code   RO         3342    .ARM.Collect$$libinit$$0000001F  c_w.l(libinit2.o)
    0x080001bc   0x080001bc   0x00000000   Code   RO         3344    .ARM.Collect$$libinit$$00000021  c_w.l(libinit2.o)
    0x080001bc   0x080001bc   0x00000000   Code   RO         3346    .ARM.Collect$$libinit$$00000023  c_w.l(libinit2.o)
    0x080001bc   0x080001bc   0x00000000   Code   RO         3348    .ARM.Collect$$libinit$$00000025  c_w.l(libinit2.o)
    0x080001bc   0x080001bc   0x00000000   Code   RO         3352    .ARM.Collect$$libinit$$0000002C  c_w.l(libinit2.o)
    0x080001bc   0x080001bc   0x00000000   Code   RO         3354    .ARM.Collect$$libinit$$0000002E  c_w.l(libinit2.o)
    0x080001bc   0x080001bc   0x00000000   Code   RO         3356    .ARM.Collect$$libinit$$00000030  c_w.l(libinit2.o)
    0x080001bc   0x080001bc   0x00000000   Code   RO         3358    .ARM.Collect$$libinit$$00000032  c_w.l(libinit2.o)
    0x080001bc   0x080001bc   0x00000002   Code   RO         3359    .ARM.Collect$$libinit$$00000033  c_w.l(libinit2.o)
    0x080001be   0x080001be   0x00000002   Code   RO         3389    .ARM.Collect$$libshutdown$$00000000  c_w.l(libshutdown.o)
    0x080001c0   0x080001c0   0x00000000   Code   RO         3400    .ARM.Collect$$libshutdown$$00000002  c_w.l(libshutdown2.o)
    0x080001c0   0x080001c0   0x00000000   Code   RO         3402    .ARM.Collect$$libshutdown$$00000004  c_w.l(libshutdown2.o)
    0x080001c0   0x080001c0   0x00000000   Code   RO         3404    .ARM.Collect$$libshutdown$$00000006  c_w.l(libshutdown2.o)
    0x080001c0   0x080001c0   0x00000000   Code   RO         3407    .ARM.Collect$$libshutdown$$00000009  c_w.l(libshutdown2.o)
    0x080001c0   0x080001c0   0x00000000   Code   RO         3410    .ARM.Collect$$libshutdown$$0000000C  c_w.l(libshutdown2.o)
    0x080001c0   0x080001c0   0x00000000   Code   RO         3412    .ARM.Collect$$libshutdown$$0000000E  c_w.l(libshutdown2.o)
    0x080001c0   0x080001c0   0x00000000   Code   RO         3415    .ARM.Collect$$libshutdown$$00000011  c_w.l(libshutdown2.o)
    0x080001c0   0x080001c0   0x00000002   Code   RO         3416    .ARM.Collect$$libshutdown$$00000012  c_w.l(libshutdown2.o)
    0x080001c2   0x080001c2   0x00000000   Code   RO         3225    .ARM.Collect$$rtentry$$00000000  c_w.l(__rtentry.o)
    0x080001c2   0x080001c2   0x00000000   Code   RO         3243    .ARM.Collect$$rtentry$$00000002  c_w.l(__rtentry2.o)
    0x080001c2   0x080001c2   0x00000006   Code   RO         3255    .ARM.Collect$$rtentry$$00000004  c_w.l(__rtentry4.o)
    0x080001c8   0x080001c8   0x00000000   Code   RO         3245    .ARM.Collect$$rtentry$$00000009  c_w.l(__rtentry2.o)
    0x080001c8   0x080001c8   0x00000004   Code   RO         3246    .ARM.Collect$$rtentry$$0000000A  c_w.l(__rtentry2.o)
    0x080001cc   0x080001cc   0x00000000   Code   RO         3248    .ARM.Collect$$rtentry$$0000000C  c_w.l(__rtentry2.o)
    0x080001cc   0x080001cc   0x00000008   Code   RO         3249    .ARM.Collect$$rtentry$$0000000D  c_w.l(__rtentry2.o)
    0x080001d4   0x080001d4   0x00000002   Code   RO         3360    .ARM.Collect$$rtexit$$00000000  c_w.l(rtexit.o)
    0x080001d6   0x080001d6   0x00000000   Code   RO         3367    .ARM.Collect$$rtexit$$00000002  c_w.l(rtexit2.o)
    0x080001d6   0x080001d6   0x00000004   Code   RO         3368    .ARM.Collect$$rtexit$$00000003  c_w.l(rtexit2.o)
    0x080001da   0x080001da   0x00000006   Code   RO         3369    .ARM.Collect$$rtexit$$00000004  c_w.l(rtexit2.o)
    0x080001e0   0x080001e0   0x00000040   Code   RO            4    .text               startup_stm32f103xb.o
    0x08000220   0x08000220   0x00000028   Code   RO         3157    .text               c_w.l(noretval__2sprintf.o)
    0x08000248   0x08000248   0x0000010e   Code   RO         3169    .text               c_w.l(__printf_wp.o)
    0x08000356   0x08000356   0x0000004e   Code   RO         3183    .text               c_w.l(rt_memclr_w.o)
    0x080003a4   0x080003a4   0x00000006   Code   RO         3185    .text               c_w.l(heapauxi.o)
    0x080003aa   0x080003aa   0x0000041e   Code   RO         3226    .text               c_w.l(_printf_fp_dec.o)
    0x080007c8   0x080007c8   0x00000030   Code   RO         3228    .text               c_w.l(_printf_char_common.o)
    0x080007f8   0x080007f8   0x0000000a   Code   RO         3230    .text               c_w.l(_sputc.o)
    0x08000802   0x08000802   0x00000002   PAD
    0x08000804   0x08000804   0x00000008   Code   RO         3260    .text               c_w.l(rt_locale_intlibspace.o)
    0x0800080c   0x0800080c   0x0000008a   Code   RO         3262    .text               c_w.l(lludiv10.o)
    0x08000896   0x08000896   0x00000002   PAD
    0x08000898   0x08000898   0x00000080   Code   RO         3264    .text               c_w.l(_printf_fp_infnan.o)
    0x08000918   0x08000918   0x000000e4   Code   RO         3268    .text               c_w.l(bigflt0.o)
    0x080009fc   0x080009fc   0x00000008   Code   RO         3300    .text               c_w.l(libspace.o)
    0x08000a04   0x08000a04   0x0000004a   Code   RO         3303    .text               c_w.l(sys_stackheap_outer.o)
    0x08000a4e   0x08000a4e   0x00000012   Code   RO         3305    .text               c_w.l(exit.o)
    0x08000a60   0x08000a60   0x00000080   Code   RO         3307    .text               c_w.l(strcmpv7m.o)
    0x08000ae0   0x08000ae0   0x0000000c   Code   RO         3379    .text               c_w.l(sys_exit.o)
    0x08000aec   0x08000aec   0x00000002   Code   RO         3390    .text               c_w.l(use_no_semi.o)
    0x08000aee   0x08000aee   0x00000000   Code   RO         3392    .text               c_w.l(indicate_semi.o)
    0x08000aee   0x08000aee   0x0000003e   Code   RO         3271    CL$$btod_d2e        c_w.l(btod.o)
    0x08000b2c   0x08000b2c   0x00000046   Code   RO         3273    CL$$btod_d2e_denorm_low  c_w.l(btod.o)
    0x08000b72   0x08000b72   0x00000060   Code   RO         3272    CL$$btod_d2e_norm_op1  c_w.l(btod.o)
    0x08000bd2   0x08000bd2   0x00000338   Code   RO         3281    CL$$btod_div_common  c_w.l(btod.o)
    0x08000f0a   0x08000f0a   0x000000dc   Code   RO         3278    CL$$btod_e2e        c_w.l(btod.o)
    0x08000fe6   0x08000fe6   0x0000002a   Code   RO         3275    CL$$btod_ediv       c_w.l(btod.o)
    0x08001010   0x08001010   0x0000002a   Code   RO         3274    CL$$btod_emul       c_w.l(btod.o)
    0x0800103a   0x0800103a   0x00000244   Code   RO         3280    CL$$btod_mult_common  c_w.l(btod.o)
    0x0800127e   0x0800127e   0x00000002   Code   RO          334    i.BusFault_Handler  stm32f1xx_it.o
    0x08001280   0x08001280   0x00000002   Code   RO          335    i.DebugMon_Handler  stm32f1xx_it.o
    0x08001282   0x08001282   0x00000014   Code   RO         2636    i.DelayMicroSeconds  hal_temhum.o
    0x08001296   0x08001296   0x00000004   Code   RO           13    i.Error_Handler     main.o
    0x0800129a   0x0800129a   0x00000046   Code   RO         1287    i.HAL_DMA_Abort     stm32f1xx_hal_dma.o
    0x080012e0   0x080012e0   0x00000098   Code   RO         1288    i.HAL_DMA_Abort_IT  stm32f1xx_hal_dma.o
    0x08001378   0x08001378   0x00000024   Code   RO          915    i.HAL_Delay         stm32f1xx_hal.o
    0x0800139c   0x0800139c   0x000001e0   Code   RO         1223    i.HAL_GPIO_Init     stm32f1xx_hal_gpio.o
    0x0800157c   0x0800157c   0x0000000a   Code   RO         1225    i.HAL_GPIO_ReadPin  stm32f1xx_hal_gpio.o
    0x08001586   0x08001586   0x00000010   Code   RO         1226    i.HAL_GPIO_TogglePin  stm32f1xx_hal_gpio.o
    0x08001596   0x08001596   0x0000000a   Code   RO         1227    i.HAL_GPIO_WritePin  stm32f1xx_hal_gpio.o
    0x080015a0   0x080015a0   0x0000000c   Code   RO          919    i.HAL_GetTick       stm32f1xx_hal.o
    0x080015ac   0x080015ac   0x00000188   Code   RO          487    i.HAL_I2C_Init      stm32f1xx_hal_i2c.o
    0x08001734   0x08001734   0x00000098   Code   RO          203    i.HAL_I2C_MspInit   i2c.o
    0x080017cc   0x080017cc   0x00000010   Code   RO          925    i.HAL_IncTick       stm32f1xx_hal.o
    0x080017dc   0x080017dc   0x00000024   Code   RO          926    i.HAL_Init          stm32f1xx_hal.o
    0x08001800   0x08001800   0x00000040   Code   RO          927    i.HAL_InitTick      stm32f1xx_hal.o
    0x08001840   0x08001840   0x0000003c   Code   RO          416    i.HAL_MspInit       stm32f1xx_hal_msp.o
    0x0800187c   0x0800187c   0x0000001a   Code   RO         1383    i.HAL_NVIC_EnableIRQ  stm32f1xx_hal_cortex.o
    0x08001896   0x08001896   0x00000002   PAD
    0x08001898   0x08001898   0x00000040   Code   RO         1389    i.HAL_NVIC_SetPriority  stm32f1xx_hal_cortex.o
    0x080018d8   0x080018d8   0x00000024   Code   RO         1390    i.HAL_NVIC_SetPriorityGrouping  stm32f1xx_hal_cortex.o
    0x080018fc   0x080018fc   0x0000012c   Code   RO         1083    i.HAL_RCC_ClockConfig  stm32f1xx_hal_rcc.o
    0x08001a28   0x08001a28   0x00000020   Code   RO         1090    i.HAL_RCC_GetPCLK1Freq  stm32f1xx_hal_rcc.o
    0x08001a48   0x08001a48   0x00000020   Code   RO         1091    i.HAL_RCC_GetPCLK2Freq  stm32f1xx_hal_rcc.o
    0x08001a68   0x08001a68   0x0000006c   Code   RO         1092    i.HAL_RCC_GetSysClockFreq  stm32f1xx_hal_rcc.o
    0x08001ad4   0x08001ad4   0x00000320   Code   RO         1095    i.HAL_RCC_OscConfig  stm32f1xx_hal_rcc.o
    0x08001df4   0x08001df4   0x000000b2   Code   RO         1894    i.HAL_SPI_Init      stm32f1xx_hal_spi.o
    0x08001ea6   0x08001ea6   0x00000002   PAD
    0x08001ea8   0x08001ea8   0x0000005c   Code   RO          251    i.HAL_SPI_MspInit   spi.o
    0x08001f04   0x08001f04   0x00000166   Code   RO         1902    i.HAL_SPI_Transmit  stm32f1xx_hal_spi.o
    0x0800206a   0x0800206a   0x00000028   Code   RO         1394    i.HAL_SYSTICK_Config  stm32f1xx_hal_cortex.o
    0x08002092   0x08002092   0x00000002   Code   RO         2252    i.HAL_UARTEx_RxEventCallback  stm32f1xx_hal_uart.o
    0x08002094   0x08002094   0x00000002   Code   RO         2266    i.HAL_UART_ErrorCallback  stm32f1xx_hal_uart.o
    0x08002096   0x08002096   0x00000002   PAD
    0x08002098   0x08002098   0x0000020c   Code   RO         2269    i.HAL_UART_IRQHandler  stm32f1xx_hal_uart.o
    0x080022a4   0x080022a4   0x00000062   Code   RO         2270    i.HAL_UART_Init     stm32f1xx_hal_uart.o
    0x08002306   0x08002306   0x00000002   PAD
    0x08002308   0x08002308   0x00000080   Code   RO          293    i.HAL_UART_MspInit  usart.o
    0x08002388   0x08002388   0x00000002   Code   RO         2276    i.HAL_UART_RxCpltCallback  stm32f1xx_hal_uart.o
    0x0800238a   0x0800238a   0x00000002   Code   RO         2281    i.HAL_UART_TxCpltCallback  stm32f1xx_hal_uart.o
    0x0800238c   0x0800238c   0x00000002   Code   RO          336    i.HardFault_Handler  stm32f1xx_it.o
    0x0800238e   0x0800238e   0x00000002   PAD
    0x08002390   0x08002390   0x00000050   Code   RO         2638    i.I2c_Init          hal_temhum.o
    0x080023e0   0x080023e0   0x000000e8   Code   RO         2639    i.I2c_ReadByte      hal_temhum.o
    0x080024c8   0x080024c8   0x0000002c   Code   RO         2640    i.I2c_SclInOutInit  hal_temhum.o
    0x080024f4   0x080024f4   0x0000004c   Code   RO         2641    i.I2c_StartCondition  hal_temhum.o
    0x08002540   0x08002540   0x0000004c   Code   RO         2642    i.I2c_StopCondition  hal_temhum.o
    0x0800258c   0x0800258c   0x00000094   Code   RO         2643    i.I2c_WriteByte     hal_temhum.o
    0x08002620   0x08002620   0x0000002c   Code   RO         2644    i.I2c_sdaInOutInit  hal_temhum.o
    0x0800264c   0x0800264c   0x000000cc   Code   RO          178    i.MX_GPIO_Init      gpio.o
    0x08002718   0x08002718   0x00000040   Code   RO          204    i.MX_I2C1_Init      i2c.o
    0x08002758   0x08002758   0x00000040   Code   RO          205    i.MX_I2C2_Init      i2c.o
    0x08002798   0x08002798   0x00000048   Code   RO          252    i.MX_SPI1_Init      spi.o
    0x080027e0   0x080027e0   0x00000038   Code   RO          294    i.MX_USART2_UART_Init  usart.o
    0x08002818   0x08002818   0x00000002   Code   RO          337    i.MemManage_Handler  stm32f1xx_it.o
    0x0800281a   0x0800281a   0x00000002   Code   RO          338    i.NMI_Handler       stm32f1xx_it.o
    0x0800281c   0x0800281c   0x0000002c   Code   RO         2984    i.OLED_Clear        oled.o
    0x08002848   0x08002848   0x00000020   Code   RO         2985    i.OLED_ClearPoint   oled.o
    0x08002868   0x08002868   0x0000001c   Code   RO         2993    i.OLED_DrawPoint    oled.o
    0x08002884   0x08002884   0x0000010c   Code   RO         2995    i.OLED_Init         oled.o
    0x08002990   0x08002990   0x0000004c   Code   RO         2998    i.OLED_Refresh      oled.o
    0x080029dc   0x080029dc   0x000000a8   Code   RO         3000    i.OLED_ShowChar     oled.o
    0x08002a84   0x08002a84   0x000000d8   Code   RO         3001    i.OLED_ShowChinese  oled.o
    0x08002b5c   0x08002b5c   0x00000040   Code   RO         3005    i.OLED_ShowString   oled.o
    0x08002b9c   0x08002b9c   0x0000004c   Code   RO         3007    i.OLED_WR_Byte      oled.o
    0x08002be8   0x08002be8   0x00000002   Code   RO          339    i.PendSV_Handler    stm32f1xx_it.o
    0x08002bea   0x08002bea   0x0000001a   Code   RO         2645    i.SHT1X_Init        hal_temhum.o
    0x08002c04   0x08002c04   0x00000034   Code   RO         2646    i.SHT3X_CalcCrc     hal_temhum.o
    0x08002c38   0x08002c38   0x00000020   Code   RO         2647    i.SHT3X_CalcHumidity  hal_temhum.o
    0x08002c58   0x08002c58   0x00000028   Code   RO         2648    i.SHT3X_CalcTemperature  hal_temhum.o
    0x08002c80   0x08002c80   0x00000020   Code   RO         2653    i.SHT3X_GetTempAndHumi  hal_temhum.o
    0x08002ca0   0x08002ca0   0x00000080   Code   RO         2654    i.SHT3X_GetTempAndHumiClkStretch  hal_temhum.o
    0x08002d20   0x08002d20   0x000000a0   Code   RO         2655    i.SHT3X_GetTempAndHumiPolling  hal_temhum.o
    0x08002dc0   0x08002dc0   0x00000018   Code   RO         2656    i.SHT3X_HardReset   hal_temhum.o
    0x08002dd8   0x08002dd8   0x00000024   Code   RO         2657    i.SHT3X_Init        hal_temhum.o
    0x08002dfc   0x08002dfc   0x0000004a   Code   RO         2658    i.SHT3X_Read2BytesAndCrc  hal_temhum.o
    0x08002e46   0x08002e46   0x00000024   Code   RO         2665    i.SHT3X_SoftReset   hal_temhum.o
    0x08002e6a   0x08002e6a   0x00000002   PAD
    0x08002e6c   0x08002e6c   0x00000020   Code   RO         2667    i.SHT3X_StartReadAccess  hal_temhum.o
    0x08002e8c   0x08002e8c   0x0000001c   Code   RO         2668    i.SHT3X_StartWriteAccess  hal_temhum.o
    0x08002ea8   0x08002ea8   0x00000016   Code   RO         2670    i.SHT3X_WriteCommand  hal_temhum.o
    0x08002ebe   0x08002ebe   0x0000004e   Code   RO         2671    i.SHT3x_ReadSerialNumber  hal_temhum.o
    0x08002f0c   0x08002f0c   0x0000001c   Code   RO         2672    i.SHTXX_Init        hal_temhum.o
    0x08002f28   0x08002f28   0x00000020   Code   RO         1932    i.SPI_EndRxTxTransaction  stm32f1xx_hal_spi.o
    0x08002f48   0x08002f48   0x000000b8   Code   RO         1937    i.SPI_WaitFlagStateUntilTimeout  stm32f1xx_hal_spi.o
    0x08003000   0x08003000   0x00000002   Code   RO          340    i.SVC_Handler       stm32f1xx_it.o
    0x08003002   0x08003002   0x00000002   PAD
    0x08003004   0x08003004   0x00000030   Code   RO         2673    i.Serial_DataInOutInit  hal_temhum.o
    0x08003034   0x08003034   0x0000001c   Code   RO         2674    i.Serial_DelayUS    hal_temhum.o
    0x08003050   0x08003050   0x00000054   Code   RO         2675    i.Serial_Init       hal_temhum.o
    0x080030a4   0x080030a4   0x00000004   Code   RO          341    i.SysTick_Handler   stm32f1xx_it.o
    0x080030a8   0x080030a8   0x0000005e   Code   RO           14    i.SystemClock_Config  main.o
    0x08003106   0x08003106   0x00000002   Code   RO         2599    i.SystemInit        system_stm32f1xx.o
    0x08003108   0x08003108   0x00000010   Code   RO         2283    i.UART_DMAAbortOnError  stm32f1xx_hal_uart.o
    0x08003118   0x08003118   0x00000030   Code   RO         2293    i.UART_EndRxTransfer  stm32f1xx_hal_uart.o
    0x08003148   0x08003148   0x000000b6   Code   RO         2295    i.UART_Receive_IT   stm32f1xx_hal_uart.o
    0x080031fe   0x080031fe   0x00000002   PAD
    0x08003200   0x08003200   0x000000b8   Code   RO         2296    i.UART_SetConfig    stm32f1xx_hal_uart.o
    0x080032b8   0x080032b8   0x0000000c   Code   RO          342    i.USART2_IRQHandler  stm32f1xx_it.o
    0x080032c4   0x080032c4   0x00000002   Code   RO          343    i.UsageFault_Handler  stm32f1xx_it.o
    0x080032c6   0x080032c6   0x00000028   Code   RO         3298    i.__ARM_fpclassify  m_ws.l(fpclassify.o)
    0x080032ee   0x080032ee   0x00000020   Code   RO         1396    i.__NVIC_SetPriority  stm32f1xx_hal_cortex.o
    0x0800330e   0x0800330e   0x0000000e   Code   RO         3171    i._is_digit         c_w.l(__printf_wp.o)
    0x0800331c   0x0800331c   0x000000cc   Code   RO         2677    i.calc_sth11        hal_temhum.o
    0x080033e8   0x080033e8   0x00000040   Code   RO         2678    i.call_sht11        hal_temhum.o
    0x08003428   0x08003428   0x00000054   Code   RO         2679    i.call_sht1x        hal_temhum.o
    0x0800347c   0x0800347c   0x00000046   Code   RO           15    i.initView          main.o
    0x080034c2   0x080034c2   0x00000002   PAD
    0x080034c4   0x080034c4   0x000000a4   Code   RO           16    i.main              main.o
    0x08003568   0x08003568   0x00000050   Code   RO         2682    i.s_connectionreset  hal_temhum.o
    0x080035b8   0x080035b8   0x00000088   Code   RO         2683    i.s_measure         hal_temhum.o
    0x08003640   0x08003640   0x000000ac   Code   RO         2684    i.s_read_byte       hal_temhum.o
    0x080036ec   0x080036ec   0x00000010   Code   RO         2686    i.s_softreset       hal_temhum.o
    0x080036fc   0x080036fc   0x00000084   Code   RO         2687    i.s_transstart      hal_temhum.o
    0x08003780   0x08003780   0x000000a8   Code   RO         2688    i.s_write_byte      hal_temhum.o
    0x08003828   0x08003828   0x0000002c   Code   RO         3294    locale$$code        c_w.l(lc_numeric_c.o)
    0x08003854   0x08003854   0x00000062   Code   RO         3189    x$fpl$d2f           fz_ws.l(d2f.o)
    0x080038b6   0x080038b6   0x00000002   PAD
    0x080038b8   0x080038b8   0x00000150   Code   RO         3191    x$fpl$dadd          fz_ws.l(daddsub_clz.o)
    0x08003a08   0x08003a08   0x00000154   Code   RO         3197    x$fpl$dmul          fz_ws.l(dmul.o)
    0x08003b5c   0x08003b5c   0x0000009c   Code   RO         3233    x$fpl$dnaninf       fz_ws.l(dnaninf.o)
    0x08003bf8   0x08003bf8   0x0000000c   Code   RO         3235    x$fpl$dretinf       fz_ws.l(dretinf.o)
    0x08003c04   0x08003c04   0x000001d4   Code   RO         3193    x$fpl$dsub          fz_ws.l(daddsub_clz.o)
    0x08003dd8   0x08003dd8   0x00000056   Code   RO         3199    x$fpl$f2d           fz_ws.l(f2d.o)
    0x08003e2e   0x08003e2e   0x00000002   PAD
    0x08003e30   0x08003e30   0x000000c4   Code   RO         3201    x$fpl$fadd          fz_ws.l(faddsub_clz.o)
    0x08003ef4   0x08003ef4   0x00000184   Code   RO         3208    x$fpl$fdiv          fz_ws.l(fdiv.o)
    0x08004078   0x08004078   0x00000026   Code   RO         3215    x$fpl$ffltu         fz_ws.l(fflt_clz.o)
    0x0800409e   0x0800409e   0x00000002   PAD
    0x080040a0   0x080040a0   0x00000102   Code   RO         3221    x$fpl$fmul          fz_ws.l(fmul.o)
    0x080041a2   0x080041a2   0x0000008c   Code   RO         3237    x$fpl$fnaninf       fz_ws.l(fnaninf.o)
    0x0800422e   0x0800422e   0x0000000a   Code   RO         3239    x$fpl$fretinf       fz_ws.l(fretinf.o)
    0x08004238   0x08004238   0x000000ea   Code   RO         3203    x$fpl$fsub          fz_ws.l(faddsub_clz.o)
    0x08004322   0x08004322   0x00000004   Code   RO         3223    x$fpl$printf1       fz_ws.l(printf1.o)
    0x08004326   0x08004326   0x00000000   Code   RO         3241    x$fpl$usenofp       fz_ws.l(usenofp.o)
    0x08004326   0x08004326   0x00000010   Data   RO         2600    .constdata          system_stm32f1xx.o
    0x08004336   0x08004336   0x00000008   Data   RO         2601    .constdata          system_stm32f1xx.o
    0x0800433e   0x0800433e   0x000017c0   Data   RO         3009    .constdata          oled.o
    0x08005afe   0x08005afe   0x00000002   PAD
    0x08005b00   0x08005b00   0x00000094   Data   RO         3269    .constdata          c_w.l(bigflt0.o)
    0x08005b94   0x08005b94   0x00000020   Data   RO         3441    Region$$Table       anon$$obj.o
    0x08005bb4   0x08005bb4   0x0000001c   Data   RO         3293    locale$$data        c_w.l(lc_numeric_c.o)


    Execution Region RW_IRAM1 (Exec base: 0x20000000, Load base: 0x08005bd0, Size: 0x00001fb0, Max: 0x00005000, ABSOLUTE, COMPRESSED[0x00000118])

    Exec Addr    Load Addr    Size         Type   Attr      Idx    E Section Name        Object

    0x20000000   COMPRESSED   0x0000000c   Data   RW          933    .data               stm32f1xx_hal.o
    0x2000000c   COMPRESSED   0x00000004   Data   RW         2602    .data               system_stm32f1xx.o
    0x20000010   COMPRESSED   0x00000002   Data   RW         2690    .data               hal_temhum.o
    0x20000012   COMPRESSED   0x00001378   Data   RW         3010    .data               oled.o
    0x2000138a   COMPRESSED   0x00000002   PAD
    0x2000138c        -       0x000000a8   Zero   RW          206    .bss                i2c.o
    0x20001434        -       0x00000058   Zero   RW          253    .bss                spi.o
    0x2000148c        -       0x00000044   Zero   RW          295    .bss                usart.o
    0x200014d0        -       0x00000480   Zero   RW         3008    .bss                oled.o
    0x20001950        -       0x00000060   Zero   RW         3301    .bss                c_w.l(libspace.o)
    0x200019b0        -       0x00000200   Zero   RW            2    HEAP                startup_stm32f103xb.o
    0x20001bb0        -       0x00000400   Zero   RW            1    STACK               startup_stm32f103xb.o


==============================================================================

Image component sizes


      Code (inc. data)   RO Data    RW Data    ZI Data      Debug   Object Name

       204         18          0          0          0        947   gpio.o
      2764        178          0          2          0      27731   hal_temhum.o
       280         46          0          0        168       2214   i2c.o
       332         24          0          0          0     410019   main.o
       972         60       6080       4984       1152       7443   oled.o
       164         22          0          0         88       1585   spi.o
        64         26        236          0       1536        796   startup_stm32f103xb.o
       164         28          0         12          0       5793   stm32f1xx_hal.o
       198         14          0          0          0      28863   stm32f1xx_hal_cortex.o
       222          4          0          0          0       1731   stm32f1xx_hal_dma.o
       516         34          0          0          0       4060   stm32f1xx_hal_gpio.o
       392         16          0          0          0       3071   stm32f1xx_hal_i2c.o
        60          8          0          0          0        842   stm32f1xx_hal_msp.o
      1272        100          0          0          0       5116   stm32f1xx_hal_rcc.o
       752          4          0          0          0       4330   stm32f1xx_hal_spi.o
      1060         10          0          0          0       7456   stm32f1xx_hal_uart.o
        32          6          0          0          0       4178   stm32f1xx_it.o
         2          0         24          4          0       1079   system_stm32f1xx.o
       184         22          0          0         68       1638   usart.o

    ----------------------------------------------------------------------
      9652        620       6374       5004       3012     518892   Object Totals
         0          0         32          0          0          0   (incl. Generated)
        18          0          2          2          0          0   (incl. Padding)

    ----------------------------------------------------------------------

      Code (inc. data)   RO Data    RW Data    ZI Data      Debug   Library Member Name

        90          0          0          0          0          0   __dczerorl2.o
         8          0          0          0          0         68   __main.o
       284          0          0          0          0        156   __printf_wp.o
         0          0          0          0          0          0   __rtentry.o
        12          0          0          0          0          0   __rtentry2.o
         6          0          0          0          0          0   __rtentry4.o
        52          8          0          0          0          0   __scatter.o
        28          0          0          0          0          0   __scatter_zi.o
        48          6          0          0          0         96   _printf_char_common.o
         6          0          0          0          0          0   _printf_f.o
      1054          0          0          0          0        216   _printf_fp_dec.o
       128         16          0          0          0         84   _printf_fp_infnan.o
         0          0          0          0          0          0   _printf_percent.o
         4          0          0          0          0          0   _printf_percent_end.o
        10          0          0          0          0         68   _sputc.o
       228          4        148          0          0         96   bigflt0.o
      1936        128          0          0          0        672   btod.o
        18          0          0          0          0         80   exit.o
         6          0          0          0          0        152   heapauxi.o
         0          0          0          0          0          0   indicate_semi.o
        44         10         28          0          0         76   lc_numeric_c.o
         2          0          0          0          0          0   libinit.o
        18          0          0          0          0          0   libinit2.o
         2          0          0          0          0          0   libshutdown.o
         2          0          0          0          0          0   libshutdown2.o
         8          4          0          0         96         68   libspace.o
       138          0          0          0          0         80   lludiv10.o
        40          6          0          0          0         84   noretval__2sprintf.o
         8          4          0          0          0         68   rt_locale_intlibspace.o
        78          0          0          0          0         80   rt_memclr_w.o
         2          0          0          0          0          0   rtexit.o
        10          0          0          0          0          0   rtexit2.o
       128          0          0          0          0         68   strcmpv7m.o
        12          4          0          0          0         68   sys_exit.o
        74          0          0          0          0         80   sys_stackheap_outer.o
         2          0          0          0          0         68   use_no_semi.o
        98          4          0          0          0         92   d2f.o
       804         16          0          0          0        272   daddsub_clz.o
       340         12          0          0          0        104   dmul.o
       156          4          0          0          0         92   dnaninf.o
        12          0          0          0          0         68   dretinf.o
        86          4          0          0          0         84   f2d.o
       430          8          0          0          0        168   faddsub_clz.o
       388         76          0          0          0         96   fdiv.o
        38          0          0          0          0         68   fflt_clz.o
       258          4          0          0          0         84   fmul.o
       140          4          0          0          0         84   fnaninf.o
        10          0          0          0          0         68   fretinf.o
         4          0          0          0          0         68   printf1.o
         0          0          0          0          0          0   usenofp.o
        40          0          0          0          0         68   fpclassify.o

    ----------------------------------------------------------------------
      7302        322        176          0         96       3844   Library Totals
        12          0          0          0          0          0   (incl. Padding)

    ----------------------------------------------------------------------

      Code (inc. data)   RO Data    RW Data    ZI Data      Debug   Library Name

      4486        190        176          0         96       2428   c_w.l
      2764        132          0          0          0       1348   fz_ws.l
        40          0          0          0          0         68   m_ws.l

    ----------------------------------------------------------------------
      7302        322        176          0         96       3844   Library Totals

    ----------------------------------------------------------------------

==============================================================================


      Code (inc. data)   RO Data    RW Data    ZI Data      Debug   

     16954        942       6550       5004       3108     515452   Grand Totals
     16954        942       6550        280       3108     515452   ELF Image Totals (compressed)
     16954        942       6550        280          0          0   ROM Totals

==============================================================================

    Total RO  Size (Code + RO Data)                23504 (  22.95kB)
    Total RW  Size (RW Data + ZI Data)              8112 (   7.92kB)
    Total ROM Size (Code + RO Data + RW Data)      23784 (  23.23kB)

==============================================================================

